Archive member included to satisfy reference by file (symbol)

/home/harini/st/stm32cubeide_1.11.0/plugins/com.st.stm32cube.ide.mcu.externaltools.gnu-tools-for-stm32.10.3-2021.10.linux64_1.0.100.202210260954/tools/bin/../lib/gcc/arm-none-eabi/10.3.1/../../../../arm-none-eabi/lib/thumb/v7e-m+fp/hard/libc_nano.a(lib_a-errno.o)
                              ./Core/Src/syscalls.o (__errno)
/home/harini/st/stm32cubeide_1.11.0/plugins/com.st.stm32cube.ide.mcu.externaltools.gnu-tools-for-stm32.10.3-2021.10.linux64_1.0.100.202210260954/tools/bin/../lib/gcc/arm-none-eabi/10.3.1/../../../../arm-none-eabi/lib/thumb/v7e-m+fp/hard/libc_nano.a(lib_a-exit.o)
                              /home/harini/st/stm32cubeide_1.11.0/plugins/com.st.stm32cube.ide.mcu.externaltools.gnu-tools-for-stm32.10.3-2021.10.linux64_1.0.100.202210260954/tools/bin/../lib/gcc/arm-none-eabi/10.3.1/../../../../arm-none-eabi/lib/thumb/v7e-m+fp/hard/crt0.o (exit)
/home/harini/st/stm32cubeide_1.11.0/plugins/com.st.stm32cube.ide.mcu.externaltools.gnu-tools-for-stm32.10.3-2021.10.linux64_1.0.100.202210260954/tools/bin/../lib/gcc/arm-none-eabi/10.3.1/../../../../arm-none-eabi/lib/thumb/v7e-m+fp/hard/libc_nano.a(lib_a-impure.o)
                              /home/harini/st/stm32cubeide_1.11.0/plugins/com.st.stm32cube.ide.mcu.externaltools.gnu-tools-for-stm32.10.3-2021.10.linux64_1.0.100.202210260954/tools/bin/../lib/gcc/arm-none-eabi/10.3.1/../../../../arm-none-eabi/lib/thumb/v7e-m+fp/hard/libc_nano.a(lib_a-exit.o) (_global_impure_ptr)
/home/harini/st/stm32cubeide_1.11.0/plugins/com.st.stm32cube.ide.mcu.externaltools.gnu-tools-for-stm32.10.3-2021.10.linux64_1.0.100.202210260954/tools/bin/../lib/gcc/arm-none-eabi/10.3.1/../../../../arm-none-eabi/lib/thumb/v7e-m+fp/hard/libc_nano.a(lib_a-init.o)
                              /home/harini/st/stm32cubeide_1.11.0/plugins/com.st.stm32cube.ide.mcu.externaltools.gnu-tools-for-stm32.10.3-2021.10.linux64_1.0.100.202210260954/tools/bin/../lib/gcc/arm-none-eabi/10.3.1/../../../../arm-none-eabi/lib/thumb/v7e-m+fp/hard/crt0.o (__libc_init_array)
/home/harini/st/stm32cubeide_1.11.0/plugins/com.st.stm32cube.ide.mcu.externaltools.gnu-tools-for-stm32.10.3-2021.10.linux64_1.0.100.202210260954/tools/bin/../lib/gcc/arm-none-eabi/10.3.1/../../../../arm-none-eabi/lib/thumb/v7e-m+fp/hard/libc_nano.a(lib_a-memcpy-stub.o)
                              ./common/ThirdParty/FreeRTOS/queue.o (memcpy)
/home/harini/st/stm32cubeide_1.11.0/plugins/com.st.stm32cube.ide.mcu.externaltools.gnu-tools-for-stm32.10.3-2021.10.linux64_1.0.100.202210260954/tools/bin/../lib/gcc/arm-none-eabi/10.3.1/../../../../arm-none-eabi/lib/thumb/v7e-m+fp/hard/libc_nano.a(lib_a-memset.o)
                              /home/harini/st/stm32cubeide_1.11.0/plugins/com.st.stm32cube.ide.mcu.externaltools.gnu-tools-for-stm32.10.3-2021.10.linux64_1.0.100.202210260954/tools/bin/../lib/gcc/arm-none-eabi/10.3.1/../../../../arm-none-eabi/lib/thumb/v7e-m+fp/hard/crt0.o (memset)
/home/harini/st/stm32cubeide_1.11.0/plugins/com.st.stm32cube.ide.mcu.externaltools.gnu-tools-for-stm32.10.3-2021.10.linux64_1.0.100.202210260954/tools/bin/../lib/gcc/arm-none-eabi/10.3.1/../../../../arm-none-eabi/lib/thumb/v7e-m+fp/hard/libc_nano.a(lib_a-printf.o)
                              ./Core/Src/rtc.o (printf)
/home/harini/st/stm32cubeide_1.11.0/plugins/com.st.stm32cube.ide.mcu.externaltools.gnu-tools-for-stm32.10.3-2021.10.linux64_1.0.100.202210260954/tools/bin/../lib/gcc/arm-none-eabi/10.3.1/../../../../arm-none-eabi/lib/thumb/v7e-m+fp/hard/libc_nano.a(lib_a-sprintf.o)
                              ./Core/Src/rtc.o (sprintf)
/home/harini/st/stm32cubeide_1.11.0/plugins/com.st.stm32cube.ide.mcu.externaltools.gnu-tools-for-stm32.10.3-2021.10.linux64_1.0.100.202210260954/tools/bin/../lib/gcc/arm-none-eabi/10.3.1/../../../../arm-none-eabi/lib/thumb/v7e-m+fp/hard/libc_nano.a(lib_a-strcmp.o)
                              ./Core/Src/task_handler.o (strcmp)
/home/harini/st/stm32cubeide_1.11.0/plugins/com.st.stm32cube.ide.mcu.externaltools.gnu-tools-for-stm32.10.3-2021.10.linux64_1.0.100.202210260954/tools/bin/../lib/gcc/arm-none-eabi/10.3.1/../../../../arm-none-eabi/lib/thumb/v7e-m+fp/hard/libc_nano.a(lib_a-strlen.o)
                              ./Core/Src/task_handler.o (strlen)
/home/harini/st/stm32cubeide_1.11.0/plugins/com.st.stm32cube.ide.mcu.externaltools.gnu-tools-for-stm32.10.3-2021.10.linux64_1.0.100.202210260954/tools/bin/../lib/gcc/arm-none-eabi/10.3.1/../../../../arm-none-eabi/lib/thumb/v7e-m+fp/hard/libc_nano.a(lib_a-findfp.o)
                              /home/harini/st/stm32cubeide_1.11.0/plugins/com.st.stm32cube.ide.mcu.externaltools.gnu-tools-for-stm32.10.3-2021.10.linux64_1.0.100.202210260954/tools/bin/../lib/gcc/arm-none-eabi/10.3.1/../../../../arm-none-eabi/lib/thumb/v7e-m+fp/hard/libc_nano.a(lib_a-printf.o) (__sinit)
[...]
Memory Configuration

Name             Origin             Length             Attributes
CCMRAM           0x0000000010000000 0x0000000000010000 xrw
RAM              0x0000000020000000 0x0000000000020000 xrw
FLASH            0x0000000008000000 0x0000000000100000 xr
*default*        0x0000000000000000 0xffffffffffffffff

Linker script and memory map

LOAD /home/harini/st/stm32cubeide_1.11.0/plugins/com.st.stm32cube.ide.mcu.externaltools.gnu-tools-for-stm32.10.3-2021.10.linux64_1.0.100.202210260954/tools/bin/../lib/gcc/arm-none-eabi/10.3.1/thumb/v7e-m+fp/hard/crti.o
LOAD /home/harini/st/stm32cubeide_1.11.0/plugins/com.st.stm32cube.ide.mcu.externaltools.gnu-tools-for-stm32.10.3-2021.10.linux64_1.0.100.202210260954/tools/bin/../lib/gcc/arm-none-eabi/10.3.1/thumb/v7e-m+fp/hard/crtbegin.o
LOAD /home/harini/st/stm32cubeide_1.11.0/plugins/com.st.stm32cube.ide.mcu.externaltools.gnu-tools-for-stm32.10.3-2021.10.linux64_1.0.100.202210260954/tools/bin/../lib/gcc/arm-none-eabi/10.3.1/../../../../arm-none-eabi/lib/thumb/v7e-m+fp/hard/crt0.o
LOAD ./Core/Src/led_effect.o
LOAD ./Core/Src/main.o
LOAD ./Core/Src/rtc.o
LOAD ./Core/Src/stm32f4xx_hal_msp.o
LOAD ./Core/Src/stm32f4xx_hal_timebase_tim.o
LOAD ./Core/Src/stm32f4xx_it.o
LOAD ./Core/Src/syscalls.o
LOAD ./Core/Src/sysmem.o
LOAD ./Core/Src/system_stm32f4xx.o
LOAD ./Core/Src/task_handler.o
LOAD ./Core/Startup/startup_stm32f407vgtx.o
LOAD ./Drivers/STM32F4xx_HAL_Driver/Src/stm32f4xx_hal.o
LOAD ./Drivers/STM32F4xx_HAL_Driver/Src/stm32f4xx_hal_cortex.o
LOAD ./Drivers/STM32F4xx_HAL_Driver/Src/stm32f4xx_hal_dma.o
LOAD ./Drivers/STM32F4xx_HAL_Driver/Src/stm32f4xx_hal_dma_ex.o
LOAD ./Drivers/STM32F4xx_HAL_Driver/Src/stm32f4xx_hal_exti.o
LOAD ./Drivers/STM32F4xx_HAL_Driver/Src/stm32f4xx_hal_flash.o
LOAD ./Drivers/STM32F4xx_HAL_Driver/Src/stm32f4xx_hal_flash_ex.o
LOAD ./Drivers/STM32F4xx_HAL_Driver/Src/stm32f4xx_hal_flash_ramfunc.o
LOAD ./Drivers/STM32F4xx_HAL_Driver/Src/stm32f4xx_hal_gpio.o
LOAD ./Drivers/STM32F4xx_HAL_Driver/Src/stm32f4xx_hal_pwr.o
LOAD ./Drivers/STM32F4xx_HAL_Driver/Src/stm32f4xx_hal_pwr_ex.o
LOAD ./Drivers/STM32F4xx_HAL_Driver/Src/stm32f4xx_hal_rcc.o
LOAD ./Drivers/STM32F4xx_HAL_Driver/Src/stm32f4xx_hal_rcc_ex.o
LOAD ./Drivers/STM32F4xx_HAL_Driver/Src/stm32f4xx_hal_rtc.o
LOAD ./Drivers/STM32F4xx_HAL_Driver/Src/stm32f4xx_hal_rtc_ex.o
LOAD ./Drivers/STM32F4xx_HAL_Driver/Src/stm32f4xx_hal_tim.o
LOAD ./Drivers/STM32F4xx_HAL_Driver/Src/stm32f4xx_hal_tim_ex.o
LOAD ./Drivers/STM32F4xx_HAL_Driver/Src/stm32f4xx_hal_uart.o
LOAD ./common/ThirdParty/FreeRTOS/croutine.o
LOAD ./common/ThirdParty/FreeRTOS/event_groups.o
LOAD ./common/ThirdParty/FreeRTOS/list.o
LOAD ./common/ThirdParty/FreeRTOS/queue.o
LOAD ./common/ThirdParty/FreeRTOS/stream_buffer.o
LOAD ./common/ThirdParty/FreeRTOS/tasks.o
LOAD ./common/ThirdParty/FreeRTOS/timers.o
LOAD ./common/ThirdParty/FreeRTOS/portable/GCC/ARM_CM4F/port.o
LOAD ./common/ThirdParty/FreeRTOS/portable/MemMang/heap_4.o
START GROUP
LOAD /home/harini/st/stm32cubeide_1.11.0/plugins/com.st.stm32cube.ide.mcu.externaltools.gnu-tools-for-stm32.10.3-2021.10.linux64_1.0.100.202210260954/tools/bin/../lib/gcc/arm-none-eabi/10.3.1/../../../../arm-none-eabi/lib/thumb/v7e-m+fp/hard/libc_nano.a
LOAD /home/harini/st/stm32cubeide_1.11.0/plugins/com.st.stm32cube.ide.mcu.externaltools.gnu-tools-for-stm32.10.3-2021.10.linux64_1.0.100.202210260954/tools/bin/../lib/gcc/arm-none-eabi/10.3.1/../../../../arm-none-eabi/lib/thumb/v7e-m+fp/hard/libm.a
END GROUP
START GROUP
LOAD /home/harini/st/stm32cubeide_1.11.0/plugins/com.st.stm32cube.ide.mcu.externaltools.gnu-tools-for-stm32.10.3-2021.10.linux64_1.0.100.202210260954/tools/bin/../lib/gcc/arm-none-eabi/10.3.1/thumb/v7e-m+fp/hard/libgcc.a
LOAD /home/harini/st/stm32cubeide_1.11.0/plugins/com.st.stm32cube.ide.mcu.externaltools.gnu-tools-for-stm32.10.3-2021.10.linux64_1.0.100.202210260954/tools/bin/../lib/gcc/arm-none-eabi/10.3.1/../../../../arm-none-eabi/lib/thumb/v7e-m+fp/hard/libc_nano.a
END GROUP
START GROUP
LOAD /home/harini/st/stm32cubeide_1.11.0/plugins/com.st.stm32cube.ide.mcu.externaltools.gnu-tools-for-stm32.10.3-2021.10.linux64_1.0.100.202210260954/tools/bin/../lib/gcc/arm-none-eabi/10.3.1/thumb/v7e-m+fp/hard/libgcc.a
LOAD /home/harini/st/stm32cubeide_1.11.0/plugins/com.st.stm32cube.ide.mcu.externaltools.gnu-tools-for-stm32.10.3-2021.10.linux64_1.0.100.202210260954/tools/bin/../lib/gcc/arm-none-eabi/10.3.1/../../../../arm-none-eabi/lib/thumb/v7e-m+fp/hard/libc_nano.a
LOAD /home/harini/st/stm32cubeide_1.11.0/plugins/com.st.stm32cube.ide.mcu.externaltools.gnu-tools-for-stm32.10.3-2021.10.linux64_1.0.100.202210260954/tools/bin/../lib/gcc/arm-none-eabi/10.3.1/../../../../arm-none-eabi/lib/thumb/v7e-m+fp/hard/libnosys.a
END GROUP
START GROUP
LOAD /home/harini/st/stm32cubeide_1.11.0/plugins/com.st.stm32cube.ide.mcu.externaltools.gnu-tools-for-stm32.10.3-2021.10.linux64_1.0.100.202210260954/tools/bin/../lib/gcc/arm-none-eabi/10.3.1/thumb/v7e-m+fp/hard/libgcc.a
LOAD /home/harini/st/stm32cubeide_1.11.0/plugins/com.st.stm32cube.ide.mcu.externaltools.gnu-tools-for-stm32.10.3-2021.10.linux64_1.0.100.202210260954/tools/bin/../lib/gcc/arm-none-eabi/10.3.1/../../../../arm-none-eabi/lib/thumb/v7e-m+fp/hard/libc_nano.a
LOAD /home/harini/st/stm32cubeide_1.11.0/plugins/com.st.stm32cube.ide.mcu.externaltools.gnu-tools-for-stm32.10.3-2021.10.linux64_1.0.100.202210260954/tools/bin/../lib/gcc/arm-none-eabi/10.3.1/../../../../arm-none-eabi/lib/thumb/v7e-m+fp/hard/libnosys.a
END GROUP
LOAD /home/harini/st/stm32cubeide_1.11.0/plugins/com.st.stm32cube.ide.mcu.externaltools.gnu-tools-for-stm32.10.3-2021.10.linux64_1.0.100.202210260954/tools/bin/../lib/gcc/arm-none-eabi/10.3.1/thumb/v7e-m+fp/hard/crtend.o
LOAD /home/harini/st/stm32cubeide_1.11.0/plugins/com.st.stm32cube.ide.mcu.externaltools.gnu-tools-for-stm32.10.3-2021.10.linux64_1.0.100.202210260954/tools/bin/../lib/gcc/arm-none-eabi/10.3.1/thumb/v7e-m+fp/hard/crtn.o
                0x0000000020020000                _estack = (ORIGIN (RAM) + LENGTH (RAM))
                0x0000000000000200                _Min_Heap_Size = 0x200
                0x0000000000000400                _Min_Stack_Size = 0x400

.isr_vector     0x0000000008000000      0x188
                0x0000000008000000                . = ALIGN (0x4)
 *(.isr_vector)
 .isr_vector    0x0000000008000000      0x188 ./Core/Startup/startup_stm32f407vgtx.o
                0x0000000008000000                g_pfnVectors
                0x0000000008000188                . = ALIGN (0x4)

.text           0x0000000008000190     0x90f4
                0x0000000008000190                . = ALIGN (0x4)
 *(.text)
 .text          0x0000000008000190       0x40 /home/harini/st/stm32cubeide_1.11.0/plugins/com.st.stm32cube.ide.mcu.externaltools.gnu-tools-for-stm32.10.3-2021.10.linux64_1.0.100.202210260954/tools/bin/../lib/gcc/arm-none-eabi/10.3.1/thumb/v7e-m+fp/hard/crtbegin.o
 .text          0x00000000080001d0       0x14 /home/harini/st/stm32cubeide_1.11.0/plugins/com.st.stm32cube.ide.mcu.externaltools.gnu-tools-for-stm32.10.3-2021.10.linux64_1.0.100.202210260954/tools/bin/../lib/gcc/arm-none-eabi/10.3.1/../../../../arm-none-eabi/lib/thumb/v7e-m+fp/hard/libc_nano.a(lib_a-strcmp.o)
                0x00000000080001d0                strcmp
 .text          0x00000000080001e4       0x10 /home/harini/st/stm32cubeide_1.11.0/plugins/com.st.stm32cube.ide.mcu.externaltools.gnu-tools-for-stm32.10.3-2021.10.linux64_1.0.100.202210260954/tools/bin/../lib/gcc/arm-none-eabi/10.3.1/../../../../arm-none-eabi/lib/thumb/v7e-m+fp/hard/libc_nano.a(lib_a-strlen.o)
                0x00000000080001e4                strlen
 *fill*         0x00000000080001f4        0xc 
 .text          0x0000000008000200       0xa0 /home/harini/st/stm32cubeide_1.11.0/plugins/com.st.stm32cube.ide.mcu.externaltools.gnu-tools-for-stm32.10.3-2021.10.linux64_1.0.100.202210260954/tools/bin/../lib/gcc/arm-none-eabi/10.3.1/../../../../arm-none-eabi/lib/thumb/v7e-m+fp/hard/libc_nano.a(lib_a-memchr.o)
                0x0000000008000200                memchr
 .text          0x00000000080002a0       0x30 /home/harini/st/stm32cubeide_1.11.0/plugins/com.st.stm32cube.ide.mcu.externaltools.gnu-tools-for-stm32.10.3-2021.10.linux64_1.0.100.202210260954/tools/bin/../lib/gcc/arm-none-eabi/10.3.1/thumb/v7e-m+fp/hard/libgcc.a(_aeabi_uldivmod.o)
                0x00000000080002a0                __aeabi_uldivmod
 .text          0x00000000080002d0      0x2d0 /home/harini/st/stm32cubeide_1.11.0/plugins/com.st.stm32cube.ide.mcu.externaltools.gnu-tools-for-stm32.10.3-2021.10.linux64_1.0.100.202210260954/tools/bin/../lib/gcc/arm-none-eabi/10.3.1/thumb/v7e-m+fp/hard/libgcc.a(_udivmoddi4.o)
                0x00000000080002d0                __udivmoddi4
 .text          0x00000000080005a0        0x4 /home/harini/st/stm32cubeide_1.11.0/plugins/com.st.stm32cube.ide.mcu.externaltools.gnu-tools-for-stm32.10.3-2021.10.linux64_1.0.100.202210260954/tools/bin/../lib/gcc/arm-none-eabi/10.3.1/thumb/v7e-m+fp/hard/libgcc.a(_dvmd_tls.o)
                0x00000000080005a0                __aeabi_ldiv0
                0x00000000080005a0                __aeabi_idiv0
 *(.text*)
 .text.led_effect_stop
                0x00000000080005a4       0x40 ./Core/Src/led_effect.o
                0x00000000080005a4                led_effect_stop
 .text.led_effect
                0x00000000080005e4       0x38 ./Core/Src/led_effect.o
                0x00000000080005e4                led_effect
 .text.turn_off_all_leds
                0x000000000800061c       0x3c ./Core/Src/led_effect.o
                0x000000000800061c                turn_off_all_leds
 .text.turn_on_all_leds
                0x0000000008000658       0x3c ./Core/Src/led_effect.o
                0x0000000008000658                turn_on_all_leds
 .text.turn_on_odd_leds
                0x0000000008000694       0x3c ./Core/Src/led_effect.o
                0x0000000008000694                turn_on_odd_leds
 .text.turn_on_even_leds
                0x00000000080006d0       0x3c ./Core/Src/led_effect.o
                0x00000000080006d0                turn_on_even_leds
 .text.LED_control
                0x000000000800070c       0x4c ./Core/Src/led_effect.o
                0x000000000800070c                LED_control
 .text.LED_effect1
                0x0000000008000758       0x2c ./Core/Src/led_effect.o
                0x0000000008000758                LED_effect1
 .text.LED_effect2
                0x0000000008000784       0x2c ./Core/Src/led_effect.o
                0x0000000008000784                LED_effect2
 .text.LED_effect3
                0x00000000080007b0       0x30 ./Core/Src/led_effect.o
                0x00000000080007b0                LED_effect3
 .text.LED_effect4
                0x00000000080007e0       0x30 ./Core/Src/led_effect.o
                0x00000000080007e0                LED_effect4
 .text.main     0x0000000008000810      0x230 ./Core/Src/main.o
                0x0000000008000810                main
 .text.SystemClock_Config
                0x0000000008000a40      0x104 ./Core/Src/main.o
                0x0000000008000a40                SystemClock_Config
 .text.MX_RTC_Init
                0x0000000008000b44       0x4c ./Core/Src/main.o
 .text.MX_USART2_UART_Init
                0x0000000008000b90       0x54 ./Core/Src/main.o
 .text.MX_GPIO_Init
                0x0000000008000be4      0x2bc ./Core/Src/main.o
 .text.rtc_report_callback
                0x0000000008000ea0       0x14 ./Core/Src/main.o
                0x0000000008000ea0                rtc_report_callback
 .text.led_effect_callback
                0x0000000008000eb4       0x50 ./Core/Src/main.o
                0x0000000008000eb4                led_effect_callback
 .text.HAL_UART_RxCpltCallback
                0x0000000008000f04       0xa8 ./Core/Src/main.o
                0x0000000008000f04                HAL_UART_RxCpltCallback
 .text.HAL_TIM_PeriodElapsedCallback
                0x0000000008000fac       0x24 ./Core/Src/main.o
                0x0000000008000fac                HAL_TIM_PeriodElapsedCallback
 .text.Error_Handler
                0x0000000008000fd0        0xa ./Core/Src/main.o
                0x0000000008000fd0                Error_Handler
 *fill*         0x0000000008000fda        0x2 
 .text.show_time_date_itm
                0x0000000008000fdc       0x90 ./Core/Src/rtc.o
                0x0000000008000fdc                show_time_date_itm
 .text.show_time_date
                0x000000000800106c       0xd8 ./Core/Src/rtc.o
                0x000000000800106c                show_time_date
 .text.rtc_configure_time
                0x0000000008001144       0x30 ./Core/Src/rtc.o
                0x0000000008001144                rtc_configure_time
 .text.rtc_configure_date
                0x0000000008001174       0x20 ./Core/Src/rtc.o
                0x0000000008001174                rtc_configure_date
 .text.validate_rtc_information
                0x0000000008001194       0x64 ./Core/Src/rtc.o
                0x0000000008001194                validate_rtc_information
 .text.HAL_MspInit
                0x00000000080011f8       0x50 ./Core/Src/stm32f4xx_hal_msp.o
                0x00000000080011f8                HAL_MspInit
 .text.HAL_RTC_MspInit
                0x0000000008001248       0x54 ./Core/Src/stm32f4xx_hal_msp.o
                0x0000000008001248                HAL_RTC_MspInit
 .text.HAL_UART_MspInit
                0x000000000800129c       0xa0 ./Core/Src/stm32f4xx_hal_msp.o
                0x000000000800129c                HAL_UART_MspInit
 .text.HAL_InitTick
                0x000000000800133c       0xf8 ./Core/Src/stm32f4xx_hal_timebase_tim.o
                0x000000000800133c                HAL_InitTick
 .text.NMI_Handler
                0x0000000008001434        0x6 ./Core/Src/stm32f4xx_it.o
                0x0000000008001434                NMI_Handler
 .text.HardFault_Handler
                0x000000000800143a        0x6 ./Core/Src/stm32f4xx_it.o
                0x000000000800143a                HardFault_Handler
 .text.MemManage_Handler
                0x0000000008001440        0x6 ./Core/Src/stm32f4xx_it.o
                0x0000000008001440                MemManage_Handler
 .text.BusFault_Handler
                0x0000000008001446        0x6 ./Core/Src/stm32f4xx_it.o
                0x0000000008001446                BusFault_Handler
 .text.UsageFault_Handler
                0x000000000800144c        0x6 ./Core/Src/stm32f4xx_it.o
                0x000000000800144c                UsageFault_Handler
 .text.DebugMon_Handler
                0x0000000008001452        0xe ./Core/Src/stm32f4xx_it.o
                0x0000000008001452                DebugMon_Handler
 .text.USART2_IRQHandler
                0x0000000008001460       0x14 ./Core/Src/stm32f4xx_it.o
                0x0000000008001460                USART2_IRQHandler
 .text.TIM6_DAC_IRQHandler
                0x0000000008001474       0x14 ./Core/Src/stm32f4xx_it.o
                0x0000000008001474                TIM6_DAC_IRQHandler
 .text._read    0x0000000008001488       0x3a ./Core/Src/syscalls.o
                0x0000000008001488                _read
 .text._write   0x00000000080014c2       0x38 ./Core/Src/syscalls.o
                0x00000000080014c2                _write
 .text._close   0x00000000080014fa       0x18 ./Core/Src/syscalls.o
                0x00000000080014fa                _close
 .text._fstat   0x0000000008001512       0x20 ./Core/Src/syscalls.o
                0x0000000008001512                _fstat
 .text._isatty  0x0000000008001532       0x16 ./Core/Src/syscalls.o
                0x0000000008001532                _isatty
 .text._lseek   0x0000000008001548       0x1a ./Core/Src/syscalls.o
                0x0000000008001548                _lseek
 *fill*         0x0000000008001562        0x2 
 .text._sbrk    0x0000000008001564       0x6c ./Core/Src/sysmem.o
                0x0000000008001564                _sbrk
 .text.SystemInit
                0x00000000080015d0       0x24 ./Core/Src/system_stm32f4xx.o
                0x00000000080015d0                SystemInit
 .text.menu_task
                0x00000000080015f4       0xe8 ./Core/Src/task_handler.o
                0x00000000080015f4                menu_task
 .text.led_task
                0x00000000080016dc      0x12c ./Core/Src/task_handler.o
                0x00000000080016dc                led_task
 .text.getnumber
                0x0000000008001808       0x48 ./Core/Src/task_handler.o
                0x0000000008001808                getnumber
 .text.rtc_task
                0x0000000008001850      0x46c ./Core/Src/task_handler.o
                0x0000000008001850                rtc_task
 .text.print_task
                0x0000000008001cbc       0x40 ./Core/Src/task_handler.o
                0x0000000008001cbc                print_task
 .text.cmd_handler_task
                0x0000000008001cfc       0x2e ./Core/Src/task_handler.o
                0x0000000008001cfc                cmd_handler_task
 *fill*         0x0000000008001d2a        0x2 
 .text.process_command
                0x0000000008001d2c       0x78 ./Core/Src/task_handler.o
                0x0000000008001d2c                process_command
 .text.extract_command
                0x0000000008001da4       0x74 ./Core/Src/task_handler.o
                0x0000000008001da4                extract_command
 .text.Reset_Handler
                0x0000000008001e18       0x50 ./Core/Startup/startup_stm32f407vgtx.o
                0x0000000008001e18                Reset_Handler
 .text.Default_Handler
                0x0000000008001e68        0x2 ./Core/Startup/startup_stm32f407vgtx.o
                0x0000000008001e68                RTC_Alarm_IRQHandler
                0x0000000008001e68                HASH_RNG_IRQHandler
                0x0000000008001e68                EXTI2_IRQHandler
                0x0000000008001e68                TIM8_CC_IRQHandler
                0x0000000008001e68                TIM1_CC_IRQHandler
                0x0000000008001e68                DMA2_Stream5_IRQHandler
                0x0000000008001e68                DMA1_Stream5_IRQHandler
                0x0000000008001e68                PVD_IRQHandler
                0x0000000008001e68                SDIO_IRQHandler
                0x0000000008001e68                TAMP_STAMP_IRQHandler
                0x0000000008001e68                CAN2_RX1_IRQHandler
                0x0000000008001e68                EXTI3_IRQHandler
                0x0000000008001e68                TIM8_TRG_COM_TIM14_IRQHandler
                0x0000000008001e68                TIM1_UP_TIM10_IRQHandler
                0x0000000008001e68                TIM8_UP_TIM13_IRQHandler
                0x0000000008001e68                I2C3_ER_IRQHandler
                0x0000000008001e68                EXTI0_IRQHandler
                0x0000000008001e68                I2C2_EV_IRQHandler
                0x0000000008001e68                DMA1_Stream2_IRQHandler
                0x0000000008001e68                CAN1_RX0_IRQHandler
                0x0000000008001e68                FPU_IRQHandler
                0x0000000008001e68                OTG_HS_WKUP_IRQHandler
                0x0000000008001e68                CAN2_SCE_IRQHandler
                0x0000000008001e68                DMA2_Stream2_IRQHandler
                0x0000000008001e68                SPI1_IRQHandler
                0x0000000008001e68                TIM1_BRK_TIM9_IRQHandler
                0x0000000008001e68                DCMI_IRQHandler
                0x0000000008001e68                CAN2_RX0_IRQHandler
                0x0000000008001e68                DMA2_Stream3_IRQHandler
                0x0000000008001e68                USART6_IRQHandler
                0x0000000008001e68                USART3_IRQHandler
                0x0000000008001e68                CAN1_RX1_IRQHandler
                0x0000000008001e68                UART5_IRQHandler
                0x0000000008001e68                DMA2_Stream0_IRQHandler
                0x0000000008001e68                TIM4_IRQHandler
                0x0000000008001e68                I2C1_EV_IRQHandler
                0x0000000008001e68                DMA1_Stream6_IRQHandler
                0x0000000008001e68                DMA1_Stream1_IRQHandler
                0x0000000008001e68                UART4_IRQHandler
                0x0000000008001e68                TIM3_IRQHandler
                0x0000000008001e68                RCC_IRQHandler
                0x0000000008001e68                TIM8_BRK_TIM12_IRQHandler
                0x0000000008001e68                Default_Handler
                0x0000000008001e68                EXTI15_10_IRQHandler
                0x0000000008001e68                ADC_IRQHandler
                0x0000000008001e68                DMA1_Stream7_IRQHandler
                0x0000000008001e68                TIM7_IRQHandler
                0x0000000008001e68                CAN2_TX_IRQHandler
                0x0000000008001e68                TIM5_IRQHandler
                0x0000000008001e68                DMA2_Stream7_IRQHandler
                0x0000000008001e68                I2C3_EV_IRQHandler
                0x0000000008001e68                EXTI9_5_IRQHandler
                0x0000000008001e68                RTC_WKUP_IRQHandler
                0x0000000008001e68                ETH_WKUP_IRQHandler
                0x0000000008001e68                SPI2_IRQHandler
                0x0000000008001e68                OTG_HS_EP1_IN_IRQHandler
                0x0000000008001e68                DMA1_Stream0_IRQHandler
                0x0000000008001e68                CAN1_TX_IRQHandler
                0x0000000008001e68                EXTI4_IRQHandler
                0x0000000008001e68                FSMC_IRQHandler
                0x0000000008001e68                ETH_IRQHandler
                0x0000000008001e68                OTG_HS_EP1_OUT_IRQHandler
                0x0000000008001e68                WWDG_IRQHandler
                0x0000000008001e68                TIM2_IRQHandler
                0x0000000008001e68                OTG_FS_WKUP_IRQHandler
                0x0000000008001e68                TIM1_TRG_COM_TIM11_IRQHandler
                0x0000000008001e68                OTG_HS_IRQHandler
                0x0000000008001e68                EXTI1_IRQHandler
                0x0000000008001e68                I2C2_ER_IRQHandler
                0x0000000008001e68                DMA2_Stream1_IRQHandler
                0x0000000008001e68                CAN1_SCE_IRQHandler
                0x0000000008001e68                FLASH_IRQHandler
                0x0000000008001e68                DMA2_Stream4_IRQHandler
                0x0000000008001e68                USART1_IRQHandler
                0x0000000008001e68                OTG_FS_IRQHandler
                0x0000000008001e68                SPI3_IRQHandler
                0x0000000008001e68                DMA1_Stream4_IRQHandler
                0x0000000008001e68                I2C1_ER_IRQHandler
                0x0000000008001e68                DMA2_Stream6_IRQHandler
                0x0000000008001e68                DMA1_Stream3_IRQHandler
 *fill*         0x0000000008001e6a        0x2 
 .text.HAL_Init
                0x0000000008001e6c       0x44 ./Drivers/STM32F4xx_HAL_Driver/Src/stm32f4xx_hal.o
                0x0000000008001e6c                HAL_Init
 .text.HAL_IncTick
                0x0000000008001eb0       0x28 ./Drivers/STM32F4xx_HAL_Driver/Src/stm32f4xx_hal.o
                0x0000000008001eb0                HAL_IncTick
 .text.HAL_GetTick
                0x0000000008001ed8       0x18 ./Drivers/STM32F4xx_HAL_Driver/Src/stm32f4xx_hal.o
                0x0000000008001ed8                HAL_GetTick
 .text.__NVIC_SetPriorityGrouping
                0x0000000008001ef0       0x48 ./Drivers/STM32F4xx_HAL_Driver/Src/stm32f4xx_hal_cortex.o
 .text.__NVIC_GetPriorityGrouping
                0x0000000008001f38       0x1c ./Drivers/STM32F4xx_HAL_Driver/Src/stm32f4xx_hal_cortex.o
 .text.__NVIC_EnableIRQ
                0x0000000008001f54       0x3c ./Drivers/STM32F4xx_HAL_Driver/Src/stm32f4xx_hal_cortex.o
 .text.__NVIC_SetPriority
                0x0000000008001f90       0x54 ./Drivers/STM32F4xx_HAL_Driver/Src/stm32f4xx_hal_cortex.o
 .text.NVIC_EncodePriority
                0x0000000008001fe4       0x66 ./Drivers/STM32F4xx_HAL_Driver/Src/stm32f4xx_hal_cortex.o
 .text.HAL_NVIC_SetPriorityGrouping
                0x000000000800204a       0x16 ./Drivers/STM32F4xx_HAL_Driver/Src/stm32f4xx_hal_cortex.o
                0x000000000800204a                HAL_NVIC_SetPriorityGrouping
 .text.HAL_NVIC_SetPriority
                0x0000000008002060       0x38 ./Drivers/STM32F4xx_HAL_Driver/Src/stm32f4xx_hal_cortex.o
                0x0000000008002060                HAL_NVIC_SetPriority
 .text.HAL_NVIC_EnableIRQ
                0x0000000008002098       0x1c ./Drivers/STM32F4xx_HAL_Driver/Src/stm32f4xx_hal_cortex.o
                0x0000000008002098                HAL_NVIC_EnableIRQ
 .text.HAL_DMA_Abort
                0x00000000080020b4       0xe0 ./Drivers/STM32F4xx_HAL_Driver/Src/stm32f4xx_hal_dma.o
                0x00000000080020b4                HAL_DMA_Abort
 .text.HAL_DMA_Abort_IT
                0x0000000008002194       0x44 ./Drivers/STM32F4xx_HAL_Driver/Src/stm32f4xx_hal_dma.o
                0x0000000008002194                HAL_DMA_Abort_IT
 .text.HAL_GPIO_Init
                0x00000000080021d8      0x338 ./Drivers/STM32F4xx_HAL_Driver/Src/stm32f4xx_hal_gpio.o
                0x00000000080021d8                HAL_GPIO_Init
 .text.HAL_GPIO_WritePin
                0x0000000008002510       0x32 ./Drivers/STM32F4xx_HAL_Driver/Src/stm32f4xx_hal_gpio.o
                0x0000000008002510                HAL_GPIO_WritePin
 *fill*         0x0000000008002542        0x2 
 .text.HAL_RCC_OscConfig
                0x0000000008002544      0x4f0 ./Drivers/STM32F4xx_HAL_Driver/Src/stm32f4xx_hal_rcc.o
                0x0000000008002544                HAL_RCC_OscConfig
 .text.HAL_RCC_ClockConfig
                0x0000000008002a34      0x1cc ./Drivers/STM32F4xx_HAL_Driver/Src/stm32f4xx_hal_rcc.o
                0x0000000008002a34                HAL_RCC_ClockConfig
 .text.HAL_RCC_GetSysClockFreq
                0x0000000008002c00      0x20c ./Drivers/STM32F4xx_HAL_Driver/Src/stm32f4xx_hal_rcc.o
                0x0000000008002c00                HAL_RCC_GetSysClockFreq
 .text.HAL_RCC_GetHCLKFreq
                0x0000000008002e0c       0x18 ./Drivers/STM32F4xx_HAL_Driver/Src/stm32f4xx_hal_rcc.o
                0x0000000008002e0c                HAL_RCC_GetHCLKFreq
 .text.HAL_RCC_GetPCLK1Freq
                0x0000000008002e24       0x28 ./Drivers/STM32F4xx_HAL_Driver/Src/stm32f4xx_hal_rcc.o
                0x0000000008002e24                HAL_RCC_GetPCLK1Freq
 .text.HAL_RCC_GetPCLK2Freq
                0x0000000008002e4c       0x28 ./Drivers/STM32F4xx_HAL_Driver/Src/stm32f4xx_hal_rcc.o
                0x0000000008002e4c                HAL_RCC_GetPCLK2Freq
 .text.HAL_RCC_GetClockConfig
                0x0000000008002e74       0x64 ./Drivers/STM32F4xx_HAL_Driver/Src/stm32f4xx_hal_rcc.o
                0x0000000008002e74                HAL_RCC_GetClockConfig
 .text.HAL_RCCEx_PeriphCLKConfig
                0x0000000008002ed8      0x1c4 ./Drivers/STM32F4xx_HAL_Driver/Src/stm32f4xx_hal_rcc_ex.o
                0x0000000008002ed8                HAL_RCCEx_PeriphCLKConfig
 .text.HAL_RTC_Init
                0x000000000800309c       0xec ./Drivers/STM32F4xx_HAL_Driver/Src/stm32f4xx_hal_rtc.o
                0x000000000800309c                HAL_RTC_Init
 .text.HAL_RTC_SetTime
                0x0000000008003188      0x134 ./Drivers/STM32F4xx_HAL_Driver/Src/stm32f4xx_hal_rtc.o
                0x0000000008003188                HAL_RTC_SetTime
 .text.HAL_RTC_GetTime
                0x00000000080032bc       0xbc ./Drivers/STM32F4xx_HAL_Driver/Src/stm32f4xx_hal_rtc.o
                0x00000000080032bc                HAL_RTC_GetTime
 .text.HAL_RTC_SetDate
                0x0000000008003378      0x108 ./Drivers/STM32F4xx_HAL_Driver/Src/stm32f4xx_hal_rtc.o
                0x0000000008003378                HAL_RTC_SetDate
 .text.HAL_RTC_GetDate
                0x0000000008003480       0x9e ./Drivers/STM32F4xx_HAL_Driver/Src/stm32f4xx_hal_rtc.o
                0x0000000008003480                HAL_RTC_GetDate
 .text.HAL_RTC_WaitForSynchro
                0x000000000800351e       0x50 ./Drivers/STM32F4xx_HAL_Driver/Src/stm32f4xx_hal_rtc.o
                0x000000000800351e                HAL_RTC_WaitForSynchro
 .text.RTC_EnterInitMode
                0x000000000800356e       0x6e ./Drivers/STM32F4xx_HAL_Driver/Src/stm32f4xx_hal_rtc.o
                0x000000000800356e                RTC_EnterInitMode
 .text.RTC_ExitInitMode
                0x00000000080035dc       0x4a ./Drivers/STM32F4xx_HAL_Driver/Src/stm32f4xx_hal_rtc.o
                0x00000000080035dc                RTC_ExitInitMode
 .text.RTC_ByteToBcd2
                0x0000000008003626       0x3a ./Drivers/STM32F4xx_HAL_Driver/Src/stm32f4xx_hal_rtc.o
                0x0000000008003626                RTC_ByteToBcd2
 .text.RTC_Bcd2ToByte
                0x0000000008003660       0x38 ./Drivers/STM32F4xx_HAL_Driver/Src/stm32f4xx_hal_rtc.o
                0x0000000008003660                RTC_Bcd2ToByte
 .text.HAL_TIM_Base_Init
                0x0000000008003698       0x9e ./Drivers/STM32F4xx_HAL_Driver/Src/stm32f4xx_hal_tim.o
                0x0000000008003698                HAL_TIM_Base_Init
 .text.HAL_TIM_Base_MspInit
                0x0000000008003736       0x14 ./Drivers/STM32F4xx_HAL_Driver/Src/stm32f4xx_hal_tim.o
                0x0000000008003736                HAL_TIM_Base_MspInit
 *fill*         0x000000000800374a        0x2 
 .text.HAL_TIM_Base_Start_IT
                0x000000000800374c       0xe0 ./Drivers/STM32F4xx_HAL_Driver/Src/stm32f4xx_hal_tim.o
                0x000000000800374c                HAL_TIM_Base_Start_IT
 .text.HAL_TIM_IRQHandler
                0x000000000800382c      0x210 ./Drivers/STM32F4xx_HAL_Driver/Src/stm32f4xx_hal_tim.o
                0x000000000800382c                HAL_TIM_IRQHandler
 .text.HAL_TIM_OC_DelayElapsedCallback
                0x0000000008003a3c       0x14 ./Drivers/STM32F4xx_HAL_Driver/Src/stm32f4xx_hal_tim.o
                0x0000000008003a3c                HAL_TIM_OC_DelayElapsedCallback
 .text.HAL_TIM_IC_CaptureCallback
                0x0000000008003a50       0x14 ./Drivers/STM32F4xx_HAL_Driver/Src/stm32f4xx_hal_tim.o
                0x0000000008003a50                HAL_TIM_IC_CaptureCallback
 .text.HAL_TIM_PWM_PulseFinishedCallback
                0x0000000008003a64       0x14 ./Drivers/STM32F4xx_HAL_Driver/Src/stm32f4xx_hal_tim.o
                0x0000000008003a64                HAL_TIM_PWM_PulseFinishedCallback
 .text.HAL_TIM_TriggerCallback
                0x0000000008003a78       0x14 ./Drivers/STM32F4xx_HAL_Driver/Src/stm32f4xx_hal_tim.o
                0x0000000008003a78                HAL_TIM_TriggerCallback
 .text.TIM_Base_SetConfig
                0x0000000008003a8c      0x140 ./Drivers/STM32F4xx_HAL_Driver/Src/stm32f4xx_hal_tim.o
                0x0000000008003a8c                TIM_Base_SetConfig
 .text.HAL_TIMEx_CommutCallback
                0x0000000008003bcc       0x14 ./Drivers/STM32F4xx_HAL_Driver/Src/stm32f4xx_hal_tim_ex.o
                0x0000000008003bcc                HAL_TIMEx_CommutCallback
 .text.HAL_TIMEx_BreakCallback
                0x0000000008003be0       0x14 ./Drivers/STM32F4xx_HAL_Driver/Src/stm32f4xx_hal_tim_ex.o
                0x0000000008003be0                HAL_TIMEx_BreakCallback
 .text.HAL_UART_Init
                0x0000000008003bf4       0x9a ./Drivers/STM32F4xx_HAL_Driver/Src/stm32f4xx_hal_uart.o
                0x0000000008003bf4                HAL_UART_Init
 .text.HAL_UART_Transmit
                0x0000000008003c8e      0x124 ./Drivers/STM32F4xx_HAL_Driver/Src/stm32f4xx_hal_uart.o
                0x0000000008003c8e                HAL_UART_Transmit
 .text.HAL_UART_Receive_IT
                0x0000000008003db2       0x60 ./Drivers/STM32F4xx_HAL_Driver/Src/stm32f4xx_hal_uart.o
                0x0000000008003db2                HAL_UART_Receive_IT
 *fill*         0x0000000008003e12        0x2 
 .text.HAL_UART_IRQHandler
                0x0000000008003e14      0x51c ./Drivers/STM32F4xx_HAL_Driver/Src/stm32f4xx_hal_uart.o
                0x0000000008003e14                HAL_UART_IRQHandler
 .text.HAL_UART_TxCpltCallback
                0x0000000008004330       0x14 ./Drivers/STM32F4xx_HAL_Driver/Src/stm32f4xx_hal_uart.o
                0x0000000008004330                HAL_UART_TxCpltCallback
 .text.HAL_UART_ErrorCallback
                0x0000000008004344       0x14 ./Drivers/STM32F4xx_HAL_Driver/Src/stm32f4xx_hal_uart.o
                0x0000000008004344                HAL_UART_ErrorCallback
 .text.HAL_UARTEx_RxEventCallback
                0x0000000008004358       0x18 ./Drivers/STM32F4xx_HAL_Driver/Src/stm32f4xx_hal_uart.o
                0x0000000008004358                HAL_UARTEx_RxEventCallback
 .text.UART_WaitOnFlagUntilTimeout
                0x0000000008004370       0xdc ./Drivers/STM32F4xx_HAL_Driver/Src/stm32f4xx_hal_uart.o
 .text.UART_Start_Receive_IT
                0x000000000800444c       0x7c ./Drivers/STM32F4xx_HAL_Driver/Src/stm32f4xx_hal_uart.o
                0x000000000800444c                UART_Start_Receive_IT
 .text.UART_EndRxTransfer
                0x00000000080044c8       0xc6 ./Drivers/STM32F4xx_HAL_Driver/Src/stm32f4xx_hal_uart.o
 .text.UART_DMAAbortOnError
                0x000000000800458e       0x28 ./Drivers/STM32F4xx_HAL_Driver/Src/stm32f4xx_hal_uart.o
 .text.UART_Transmit_IT
                0x00000000080045b6       0xa0 ./Drivers/STM32F4xx_HAL_Driver/Src/stm32f4xx_hal_uart.o
 .text.UART_EndTransmit_IT
                0x0000000008004656       0x30 ./Drivers/STM32F4xx_HAL_Driver/Src/stm32f4xx_hal_uart.o
 .text.UART_Receive_IT
                0x0000000008004686      0x176 ./Drivers/STM32F4xx_HAL_Driver/Src/stm32f4xx_hal_uart.o
 .text.UART_SetConfig
                0x00000000080047fc      0x4e8 ./Drivers/STM32F4xx_HAL_Driver/Src/stm32f4xx_hal_uart.o
 .text.vListInitialise
                0x0000000008004ce4       0x40 ./common/ThirdParty/FreeRTOS/list.o
                0x0000000008004ce4                vListInitialise
 .text.vListInitialiseItem
                0x0000000008004d24       0x1a ./common/ThirdParty/FreeRTOS/list.o
                0x0000000008004d24                vListInitialiseItem
 .text.vListInsertEnd
                0x0000000008004d3e       0x48 ./common/ThirdParty/FreeRTOS/list.o
                0x0000000008004d3e                vListInsertEnd
 .text.vListInsert
                0x0000000008004d86       0x72 ./common/ThirdParty/FreeRTOS/list.o
                0x0000000008004d86                vListInsert
 .text.uxListRemove
                0x0000000008004df8       0x54 ./common/ThirdParty/FreeRTOS/list.o
                0x0000000008004df8                uxListRemove
 .text.xQueueGenericReset
                0x0000000008004e4c      0x120 ./common/ThirdParty/FreeRTOS/queue.o
                0x0000000008004e4c                xQueueGenericReset
 .text.xQueueGenericCreate
                0x0000000008004f6c       0x9c ./common/ThirdParty/FreeRTOS/queue.o
                0x0000000008004f6c                xQueueGenericCreate
 .text.prvInitialiseNewQueue
                0x0000000008005008       0x46 ./common/ThirdParty/FreeRTOS/queue.o
 *fill*         0x000000000800504e        0x2 
 .text.xQueueGenericSend
                0x0000000008005050      0x1fc ./common/ThirdParty/FreeRTOS/queue.o
                0x0000000008005050                xQueueGenericSend
 .text.xQueueGenericSendFromISR
                0x000000000800524c      0x164 ./common/ThirdParty/FreeRTOS/queue.o
                0x000000000800524c                xQueueGenericSendFromISR
 .text.xQueueReceive
                0x00000000080053b0      0x1c0 ./common/ThirdParty/FreeRTOS/queue.o
                0x00000000080053b0                xQueueReceive
 .text.xQueueReceiveFromISR
                0x0000000008005570      0x12e ./common/ThirdParty/FreeRTOS/queue.o
                0x0000000008005570                xQueueReceiveFromISR
 .text.uxQueueMessagesWaiting
                0x000000000800569e       0x3c ./common/ThirdParty/FreeRTOS/queue.o
                0x000000000800569e                uxQueueMessagesWaiting
 .text.prvCopyDataToQueue
                0x00000000080056da       0xd4 ./common/ThirdParty/FreeRTOS/queue.o
 .text.prvCopyDataFromQueue
                0x00000000080057ae       0x4c ./common/ThirdParty/FreeRTOS/queue.o
 .text.prvUnlockQueue
                0x00000000080057fa       0xa4 ./common/ThirdParty/FreeRTOS/queue.o
 .text.prvIsQueueEmpty
                0x000000000800589e       0x2c ./common/ThirdParty/FreeRTOS/queue.o
 .text.prvIsQueueFull
                0x00000000080058ca       0x30 ./common/ThirdParty/FreeRTOS/queue.o
 .text.xQueueIsQueueFullFromISR
                0x00000000080058fa       0x4c ./common/ThirdParty/FreeRTOS/queue.o
                0x00000000080058fa                xQueueIsQueueFullFromISR
 *fill*         0x0000000008005946        0x2 
 .text.vQueueAddToRegistry
                0x0000000008005948       0x9c ./common/ThirdParty/FreeRTOS/queue.o
                0x0000000008005948                vQueueAddToRegistry
 .text.vQueueWaitForMessageRestricted
                0x00000000080059e4       0x68 ./common/ThirdParty/FreeRTOS/queue.o
                0x00000000080059e4                vQueueWaitForMessageRestricted
 .text.xTaskCreate
                0x0000000008005a4c       0x8c ./common/ThirdParty/FreeRTOS/tasks.o
                0x0000000008005a4c                xTaskCreate
 .text.prvInitialiseNewTask
                0x0000000008005ad8      0x11c ./common/ThirdParty/FreeRTOS/tasks.o
 .text.prvAddNewTaskToReadyList
                0x0000000008005bf4      0x12c ./common/ThirdParty/FreeRTOS/tasks.o
 .text.vTaskStartScheduler
                0x0000000008005d20       0xa4 ./common/ThirdParty/FreeRTOS/tasks.o
                0x0000000008005d20                vTaskStartScheduler
 .text.vTaskSuspendAll
                0x0000000008005dc4       0x1c ./common/ThirdParty/FreeRTOS/tasks.o
                0x0000000008005dc4                vTaskSuspendAll
 .text.xTaskResumeAll
                0x0000000008005de0      0x1f8 ./common/ThirdParty/FreeRTOS/tasks.o
                0x0000000008005de0                xTaskResumeAll
 .text.xTaskGetTickCount
                0x0000000008005fd8       0x20 ./common/ThirdParty/FreeRTOS/tasks.o
                0x0000000008005fd8                xTaskGetTickCount
 .text.uxTaskGetNumberOfTasks
                0x0000000008005ff8       0x18 ./common/ThirdParty/FreeRTOS/tasks.o
                0x0000000008005ff8                uxTaskGetNumberOfTasks
 .text.xTaskIncrementTick
                0x0000000008006010      0x22c ./common/ThirdParty/FreeRTOS/tasks.o
                0x0000000008006010                xTaskIncrementTick
 .text.vTaskSwitchContext
                0x000000000800623c       0xb8 ./common/ThirdParty/FreeRTOS/tasks.o
                0x000000000800623c                vTaskSwitchContext
 .text.vTaskPlaceOnEventList
                0x00000000080062f4       0x48 ./common/ThirdParty/FreeRTOS/tasks.o
                0x00000000080062f4                vTaskPlaceOnEventList
 .text.vTaskPlaceOnEventListRestricted
                0x000000000800633c       0x8c ./common/ThirdParty/FreeRTOS/tasks.o
                0x000000000800633c                vTaskPlaceOnEventListRestricted
 .text.xTaskRemoveFromEventList
                0x00000000080063c8      0x1ac ./common/ThirdParty/FreeRTOS/tasks.o
                0x00000000080063c8                xTaskRemoveFromEventList
 .text.vTaskInternalSetTimeOutState
                0x0000000008006574       0x2c ./common/ThirdParty/FreeRTOS/tasks.o
                0x0000000008006574                vTaskInternalSetTimeOutState
 .text.xTaskCheckForTimeOut
                0x00000000080065a0       0xcc ./common/ThirdParty/FreeRTOS/tasks.o
                0x00000000080065a0                xTaskCheckForTimeOut
 .text.vTaskMissedYield
                0x000000000800666c       0x18 ./common/ThirdParty/FreeRTOS/tasks.o
                0x000000000800666c                vTaskMissedYield
 .text.prvIdleTask
                0x0000000008006684       0x30 ./common/ThirdParty/FreeRTOS/tasks.o
 .text.prvInitialiseTaskLists
                0x00000000080066b4       0x80 ./common/ThirdParty/FreeRTOS/tasks.o
 .text.prvCheckTasksWaitingTermination
                0x0000000008006734       0x5c ./common/ThirdParty/FreeRTOS/tasks.o
 .text.prvDeleteTCB
                0x0000000008006790       0x20 ./common/ThirdParty/FreeRTOS/tasks.o
 .text.prvResetNextTaskUnblockTime
                0x00000000080067b0       0x38 ./common/ThirdParty/FreeRTOS/tasks.o
 .text.xTaskGetSchedulerState
                0x00000000080067e8       0x3c ./common/ThirdParty/FreeRTOS/tasks.o
                0x00000000080067e8                xTaskGetSchedulerState
 .text.xTaskPriorityDisinherit
                0x0000000008006824       0xf4 ./common/ThirdParty/FreeRTOS/tasks.o
                0x0000000008006824                xTaskPriorityDisinherit
 .text.xTaskGenericNotifyWait
                0x0000000008006918      0x100 ./common/ThirdParty/FreeRTOS/tasks.o
                0x0000000008006918                xTaskGenericNotifyWait
 .text.xTaskGenericNotify
                0x0000000008006a18      0x244 ./common/ThirdParty/FreeRTOS/tasks.o
                0x0000000008006a18                xTaskGenericNotify
 .text.xTaskGenericNotifyFromISR
                0x0000000008006c5c      0x2b8 ./common/ThirdParty/FreeRTOS/tasks.o
                0x0000000008006c5c                xTaskGenericNotifyFromISR
 .text.prvAddCurrentTaskToDelayedList
                0x0000000008006f14      0x100 ./common/ThirdParty/FreeRTOS/tasks.o
 .text.xTimerCreateTimerTask
                0x0000000008007014       0x64 ./common/ThirdParty/FreeRTOS/timers.o
                0x0000000008007014                xTimerCreateTimerTask
 .text.xTimerCreate
                0x0000000008007078       0x42 ./common/ThirdParty/FreeRTOS/timers.o
                0x0000000008007078                xTimerCreate
 .text.prvInitialiseNewTimer
                0x00000000080070ba       0x70 ./common/ThirdParty/FreeRTOS/timers.o
 *fill*         0x000000000800712a        0x2 
 .text.xTimerGenericCommand
                0x000000000800712c       0x9c ./common/ThirdParty/FreeRTOS/timers.o
                0x000000000800712c                xTimerGenericCommand
 .text.prvReloadTimer
                0x00000000080071c8       0x42 ./common/ThirdParty/FreeRTOS/timers.o
 *fill*         0x000000000800720a        0x2 
 .text.prvProcessExpiredTimer
                0x000000000800720c       0x60 ./common/ThirdParty/FreeRTOS/timers.o
 .text.prvTimerTask
                0x000000000800726c       0x24 ./common/ThirdParty/FreeRTOS/timers.o
 .text.prvProcessTimerOrBlockTask
                0x0000000008007290       0x9c ./common/ThirdParty/FreeRTOS/timers.o
 .text.prvGetNextExpireTime
                0x000000000800732c       0x48 ./common/ThirdParty/FreeRTOS/timers.o
 .text.prvSampleTimeNow
                0x0000000008007374       0x40 ./common/ThirdParty/FreeRTOS/timers.o
 .text.prvInsertTimerInActiveList
                0x00000000080073b4       0x84 ./common/ThirdParty/FreeRTOS/timers.o
 .text.prvProcessReceivedCommands
                0x0000000008007438      0x17c ./common/ThirdParty/FreeRTOS/timers.o
 .text.prvSwitchTimerLists
                0x00000000080075b4       0x4c ./common/ThirdParty/FreeRTOS/timers.o
 .text.prvCheckForValidListAndQueue
                0x0000000008007600       0x6c ./common/ThirdParty/FreeRTOS/timers.o
 .text.xTimerIsTimerActive
                0x000000000800766c       0x52 ./common/ThirdParty/FreeRTOS/timers.o
                0x000000000800766c                xTimerIsTimerActive
 .text.pvTimerGetTimerID
                0x00000000080076be       0x40 ./common/ThirdParty/FreeRTOS/timers.o
                0x00000000080076be                pvTimerGetTimerID
 *fill*         0x00000000080076fe        0x2 
 .text.pxPortInitialiseStack
                0x0000000008007700       0x68 ./common/ThirdParty/FreeRTOS/portable/GCC/ARM_CM4F/port.o
                0x0000000008007700                pxPortInitialiseStack
 .text.prvTaskExitError
                0x0000000008007768       0x58 ./common/ThirdParty/FreeRTOS/portable/GCC/ARM_CM4F/port.o
 .text.SVC_Handler
                0x00000000080077c0       0x28 ./common/ThirdParty/FreeRTOS/portable/GCC/ARM_CM4F/port.o
                0x00000000080077c0                SVC_Handler
 .text.prvPortStartFirstTask
                0x00000000080077e8       0x2c ./common/ThirdParty/FreeRTOS/portable/GCC/ARM_CM4F/port.o
 .text.xPortStartScheduler
                0x0000000008007814      0x144 ./common/ThirdParty/FreeRTOS/portable/GCC/ARM_CM4F/port.o
                0x0000000008007814                xPortStartScheduler
 .text.vPortEnterCritical
                0x0000000008007958       0x60 ./common/ThirdParty/FreeRTOS/portable/GCC/ARM_CM4F/port.o
                0x0000000008007958                vPortEnterCritical
 .text.vPortExitCritical
                0x00000000080079b8       0x54 ./common/ThirdParty/FreeRTOS/portable/GCC/ARM_CM4F/port.o
                0x00000000080079b8                vPortExitCritical
 *fill*         0x0000000008007a0c        0x4 
 .text.PendSV_Handler
                0x0000000008007a10       0x68 ./common/ThirdParty/FreeRTOS/portable/GCC/ARM_CM4F/port.o
                0x0000000008007a10                PendSV_Handler
 .text.SysTick_Handler
                0x0000000008007a78       0x44 ./common/ThirdParty/FreeRTOS/portable/GCC/ARM_CM4F/port.o
                0x0000000008007a78                SysTick_Handler
 .text.vPortSetupTimerInterrupt
                0x0000000008007abc       0x48 ./common/ThirdParty/FreeRTOS/portable/GCC/ARM_CM4F/port.o
                0x0000000008007abc                vPortSetupTimerInterrupt
 .text.vPortEnableVFP
                0x0000000008007b04       0x18 ./common/ThirdParty/FreeRTOS/portable/GCC/ARM_CM4F/port.o
 .text.vPortValidateInterruptPriority
                0x0000000008007b1c       0x80 ./common/ThirdParty/FreeRTOS/portable/GCC/ARM_CM4F/port.o
                0x0000000008007b1c                vPortValidateInterruptPriority
 .text.pvPortMalloc
                0x0000000008007b9c      0x174 ./common/ThirdParty/FreeRTOS/portable/MemMang/heap_4.o
                0x0000000008007b9c                pvPortMalloc
 .text.vPortFree
                0x0000000008007d10       0xb8 ./common/ThirdParty/FreeRTOS/portable/MemMang/heap_4.o
                0x0000000008007d10                vPortFree
 .text.prvHeapInit
                0x0000000008007dc8       0xb8 ./common/ThirdParty/FreeRTOS/portable/MemMang/heap_4.o
 .text.prvInsertBlockIntoFreeList
                0x0000000008007e80       0xb4 ./common/ThirdParty/FreeRTOS/portable/MemMang/heap_4.o
 .text.__errno  0x0000000008007f34        0xc /home/harini/st/stm32cubeide_1.11.0/plugins/com.st.stm32cube.ide.mcu.externaltools.gnu-tools-for-stm32.10.3-2021.10.linux64_1.0.100.202210260954/tools/bin/../lib/gcc/arm-none-eabi/10.3.1/../../../../arm-none-eabi/lib/thumb/v7e-m+fp/hard/libc_nano.a(lib_a-errno.o)
                0x0000000008007f34                __errno
 .text.__libc_init_array
                0x0000000008007f40       0x48 /home/harini/st/stm32cubeide_1.11.0/plugins/com.st.stm32cube.ide.mcu.externaltools.gnu-tools-for-stm32.10.3-2021.10.linux64_1.0.100.202210260954/tools/bin/../lib/gcc/arm-none-eabi/10.3.1/../../../../arm-none-eabi/lib/thumb/v7e-m+fp/hard/libc_nano.a(lib_a-init.o)
                0x0000000008007f40                __libc_init_array
 .text.memcpy   0x0000000008007f88       0x1c /home/harini/st/stm32cubeide_1.11.0/plugins/com.st.stm32cube.ide.mcu.externaltools.gnu-tools-for-stm32.10.3-2021.10.linux64_1.0.100.202210260954/tools/bin/../lib/gcc/arm-none-eabi/10.3.1/../../../../arm-none-eabi/lib/thumb/v7e-m+fp/hard/libc_nano.a(lib_a-memcpy-stub.o)
                0x0000000008007f88                memcpy
 .text.memset   0x0000000008007fa4       0x10 /home/harini/st/stm32cubeide_1.11.0/plugins/com.st.stm32cube.ide.mcu.externaltools.gnu-tools-for-stm32.10.3-2021.10.linux64_1.0.100.202210260954/tools/bin/../lib/gcc/arm-none-eabi/10.3.1/../../../../arm-none-eabi/lib/thumb/v7e-m+fp/hard/libc_nano.a(lib_a-memset.o)
                0x0000000008007fa4                memset
 .text.printf   0x0000000008007fb4       0x30 /home/harini/st/stm32cubeide_1.11.0/plugins/com.st.stm32cube.ide.mcu.externaltools.gnu-tools-for-stm32.10.3-2021.10.linux64_1.0.100.202210260954/tools/bin/../lib/gcc/arm-none-eabi/10.3.1/../../../../arm-none-eabi/lib/thumb/v7e-m+fp/hard/libc_nano.a(lib_a-printf.o)
                0x0000000008007fb4                printf
                0x0000000008007fb4                iprintf
 .text.sprintf  0x0000000008007fe4       0x40 /home/harini/st/stm32cubeide_1.11.0/plugins/com.st.stm32cube.ide.mcu.externaltools.gnu-tools-for-stm32.10.3-2021.10.linux64_1.0.100.202210260954/tools/bin/../lib/gcc/arm-none-eabi/10.3.1/../../../../arm-none-eabi/lib/thumb/v7e-m+fp/hard/libc_nano.a(lib_a-sprintf.o)
                0x0000000008007fe4                sprintf
                0x0000000008007fe4                siprintf
 .text.std      0x0000000008008024       0x48 /home/harini/st/stm32cubeide_1.11.0/plugins/com.st.stm32cube.ide.mcu.externaltools.gnu-tools-for-stm32.10.3-2021.10.linux64_1.0.100.202210260954/tools/bin/../lib/gcc/arm-none-eabi/10.3.1/../../../../arm-none-eabi/lib/thumb/v7e-m+fp/hard/libc_nano.a(lib_a-findfp.o)
 .text._cleanup_r
                0x000000000800806c        0xc /home/harini/st/stm32cubeide_1.11.0/plugins/com.st.stm32cube.ide.mcu.externaltools.gnu-tools-for-stm32.10.3-2021.10.linux64_1.0.100.202210260954/tools/bin/../lib/gcc/arm-none-eabi/10.3.1/../../../../arm-none-eabi/lib/thumb/v7e-m+fp/hard/libc_nano.a(lib_a-findfp.o)
                0x000000000800806c                _cleanup_r
 .text.__sfmoreglue
                0x0000000008008078       0x2c /home/harini/st/stm32cubeide_1.11.0/plugins/com.st.stm32cube.ide.mcu.externaltools.gnu-tools-for-stm32.10.3-2021.10.linux64_1.0.100.202210260954/tools/bin/../lib/gcc/arm-none-eabi/10.3.1/../../../../arm-none-eabi/lib/thumb/v7e-m+fp/hard/libc_nano.a(lib_a-findfp.o)
                0x0000000008008078                __sfmoreglue
 .text.__sfp_lock_acquire
                0x00000000080080a4        0xc /home/harini/st/stm32cubeide_1.11.0/plugins/com.st.stm32cube.ide.mcu.externaltools.gnu-tools-for-stm32.10.3-2021.10.linux64_1.0.100.202210260954/tools/bin/../lib/gcc/arm-none-eabi/10.3.1/../../../../arm-none-eabi/lib/thumb/v7e-m+fp/hard/libc_nano.a(lib_a-findfp.o)
                0x00000000080080a4                __sfp_lock_acquire
 .text.__sfp_lock_release
                0x00000000080080b0        0xc /home/harini/st/stm32cubeide_1.11.0/plugins/com.st.stm32cube.ide.mcu.externaltools.gnu-tools-for-stm32.10.3-2021.10.linux64_1.0.100.202210260954/tools/bin/../lib/gcc/arm-none-eabi/10.3.1/../../../../arm-none-eabi/lib/thumb/v7e-m+fp/hard/libc_nano.a(lib_a-findfp.o)
                0x00000000080080b0                __sfp_lock_release
 .text.__sinit_lock_acquire
                0x00000000080080bc        0xc /home/harini/st/stm32cubeide_1.11.0/plugins/com.st.stm32cube.ide.mcu.externaltools.gnu-tools-for-stm32.10.3-2021.10.linux64_1.0.100.202210260954/tools/bin/../lib/gcc/arm-none-eabi/10.3.1/../../../../arm-none-eabi/lib/thumb/v7e-m+fp/hard/libc_nano.a(lib_a-findfp.o)
                0x00000000080080bc                __sinit_lock_acquire
 .text.__sinit_lock_release
                0x00000000080080c8        0xc /home/harini/st/stm32cubeide_1.11.0/plugins/com.st.stm32cube.ide.mcu.externaltools.gnu-tools-for-stm32.10.3-2021.10.linux64_1.0.100.202210260954/tools/bin/../lib/gcc/arm-none-eabi/10.3.1/../../../../arm-none-eabi/lib/thumb/v7e-m+fp/hard/libc_nano.a(lib_a-findfp.o)
                0x00000000080080c8                __sinit_lock_release
 .text.__sinit  0x00000000080080d4       0x70 /home/harini/st/stm32cubeide_1.11.0/plugins/com.st.stm32cube.ide.mcu.externaltools.gnu-tools-for-stm32.10.3-2021.10.linux64_1.0.100.202210260954/tools/bin/../lib/gcc/arm-none-eabi/10.3.1/../../../../arm-none-eabi/lib/thumb/v7e-m+fp/hard/libc_nano.a(lib_a-findfp.o)
                0x00000000080080d4                __sinit
 .text.__sfp    0x0000000008008144       0x8c /home/harini/st/stm32cubeide_1.11.0/plugins/com.st.stm32cube.ide.mcu.externaltools.gnu-tools-for-stm32.10.3-2021.10.linux64_1.0.100.202210260954/tools/bin/../lib/gcc/arm-none-eabi/10.3.1/../../../../arm-none-eabi/lib/thumb/v7e-m+fp/hard/libc_nano.a(lib_a-findfp.o)
                0x0000000008008144                __sfp
 .text._fwalk_reent
                0x00000000080081d0       0x3e /home/harini/st/stm32cubeide_1.11.0/plugins/com.st.stm32cube.ide.mcu.externaltools.gnu-tools-for-stm32.10.3-2021.10.linux64_1.0.100.202210260954/tools/bin/../lib/gcc/arm-none-eabi/10.3.1/../../../../arm-none-eabi/lib/thumb/v7e-m+fp/hard/libc_nano.a(lib_a-fwalk.o)
                0x00000000080081d0                _fwalk_reent
 .text.__retarget_lock_init_recursive
                0x000000000800820e        0x2 /home/harini/st/stm32cubeide_1.11.0/plugins/com.st.stm32cube.ide.mcu.externaltools.gnu-tools-for-stm32.10.3-2021.10.linux64_1.0.100.202210260954/tools/bin/../lib/gcc/arm-none-eabi/10.3.1/../../../../arm-none-eabi/lib/thumb/v7e-m+fp/hard/libc_nano.a(lib_a-lock.o)
                0x000000000800820e                __retarget_lock_init_recursive
 .text.__retarget_lock_acquire_recursive
                0x0000000008008210        0x2 /home/harini/st/stm32cubeide_1.11.0/plugins/com.st.stm32cube.ide.mcu.externaltools.gnu-tools-for-stm32.10.3-2021.10.linux64_1.0.100.202210260954/tools/bin/../lib/gcc/arm-none-eabi/10.3.1/../../../../arm-none-eabi/lib/thumb/v7e-m+fp/hard/libc_nano.a(lib_a-lock.o)
                0x0000000008008210                __retarget_lock_acquire_recursive
 .text.__retarget_lock_release_recursive
                0x0000000008008212        0x2 /home/harini/st/stm32cubeide_1.11.0/plugins/com.st.stm32cube.ide.mcu.externaltools.gnu-tools-for-stm32.10.3-2021.10.linux64_1.0.100.202210260954/tools/bin/../lib/gcc/arm-none-eabi/10.3.1/../../../../arm-none-eabi/lib/thumb/v7e-m+fp/hard/libc_nano.a(lib_a-lock.o)
                0x0000000008008212                __retarget_lock_release_recursive
 .text.sbrk_aligned
                0x0000000008008214       0x40 /home/harini/st/stm32cubeide_1.11.0/plugins/com.st.stm32cube.ide.mcu.externaltools.gnu-tools-for-stm32.10.3-2021.10.linux64_1.0.100.202210260954/tools/bin/../lib/gcc/arm-none-eabi/10.3.1/../../../../arm-none-eabi/lib/thumb/v7e-m+fp/hard/libc_nano.a(lib_a-nano-mallocr.o)
 .text._malloc_r
                0x0000000008008254       0xe8 /home/harini/st/stm32cubeide_1.11.0/plugins/com.st.stm32cube.ide.mcu.externaltools.gnu-tools-for-stm32.10.3-2021.10.linux64_1.0.100.202210260954/tools/bin/../lib/gcc/arm-none-eabi/10.3.1/../../../../arm-none-eabi/lib/thumb/v7e-m+fp/hard/libc_nano.a(lib_a-nano-mallocr.o)
                0x0000000008008254                _malloc_r
 .text.__ssputs_r
                0x000000000800833c       0xb6 /home/harini/st/stm32cubeide_1.11.0/plugins/com.st.stm32cube.ide.mcu.externaltools.gnu-tools-for-stm32.10.3-2021.10.linux64_1.0.100.202210260954/tools/bin/../lib/gcc/arm-none-eabi/10.3.1/../../../../arm-none-eabi/lib/thumb/v7e-m+fp/hard/libc_nano.a(lib_a-nano-svfprintf.o)
                0x000000000800833c                __ssputs_r
 *fill*         0x00000000080083f2        0x2 
 .text._svfprintf_r
                0x00000000080083f4      0x200 /home/harini/st/stm32cubeide_1.11.0/plugins/com.st.stm32cube.ide.mcu.externaltools.gnu-tools-for-stm32.10.3-2021.10.linux64_1.0.100.202210260954/tools/bin/../lib/gcc/arm-none-eabi/10.3.1/../../../../arm-none-eabi/lib/thumb/v7e-m+fp/hard/libc_nano.a(lib_a-nano-svfprintf.o)
                0x00000000080083f4                _svfprintf_r
                0x00000000080083f4                _svfiprintf_r
 .text.__sfputc_r
                0x00000000080085f4       0x2e /home/harini/st/stm32cubeide_1.11.0/plugins/com.st.stm32cube.ide.mcu.externaltools.gnu-tools-for-stm32.10.3-2021.10.linux64_1.0.100.202210260954/tools/bin/../lib/gcc/arm-none-eabi/10.3.1/../../../../arm-none-eabi/lib/thumb/v7e-m+fp/hard/libc_nano.a(lib_a-nano-vfprintf.o)
 .text.__sfputs_r
                0x0000000008008622       0x24 /home/harini/st/stm32cubeide_1.11.0/plugins/com.st.stm32cube.ide.mcu.externaltools.gnu-tools-for-stm32.10.3-2021.10.linux64_1.0.100.202210260954/tools/bin/../lib/gcc/arm-none-eabi/10.3.1/../../../../arm-none-eabi/lib/thumb/v7e-m+fp/hard/libc_nano.a(lib_a-nano-vfprintf.o)
                0x0000000008008622                __sfputs_r
 *fill*         0x0000000008008646        0x2 
 .text._vfprintf_r
                0x0000000008008648      0x260 /home/harini/st/stm32cubeide_1.11.0/plugins/com.st.stm32cube.ide.mcu.externaltools.gnu-tools-for-stm32.10.3-2021.10.linux64_1.0.100.202210260954/tools/bin/../lib/gcc/arm-none-eabi/10.3.1/../../../../arm-none-eabi/lib/thumb/v7e-m+fp/hard/libc_nano.a(lib_a-nano-vfprintf.o)
                0x0000000008008648                _vfiprintf_r
                0x0000000008008648                _vfprintf_r
 .text._printf_common
                0x00000000080088a8       0xda /home/harini/st/stm32cubeide_1.11.0/plugins/com.st.stm32cube.ide.mcu.externaltools.gnu-tools-for-stm32.10.3-2021.10.linux64_1.0.100.202210260954/tools/bin/../lib/gcc/arm-none-eabi/10.3.1/../../../../arm-none-eabi/lib/thumb/v7e-m+fp/hard/libc_nano.a(lib_a-nano-vfprintf_i.o)
                0x00000000080088a8                _printf_common
 *fill*         0x0000000008008982        0x2 
 .text._printf_i
                0x0000000008008984      0x24c /home/harini/st/stm32cubeide_1.11.0/plugins/com.st.stm32cube.ide.mcu.externaltools.gnu-tools-for-stm32.10.3-2021.10.linux64_1.0.100.202210260954/tools/bin/../lib/gcc/arm-none-eabi/10.3.1/../../../../arm-none-eabi/lib/thumb/v7e-m+fp/hard/libc_nano.a(lib_a-nano-vfprintf_i.o)
                0x0000000008008984                _printf_i
 .text._sbrk_r  0x0000000008008bd0       0x20 /home/harini/st/stm32cubeide_1.11.0/plugins/com.st.stm32cube.ide.mcu.externaltools.gnu-tools-for-stm32.10.3-2021.10.linux64_1.0.100.202210260954/tools/bin/../lib/gcc/arm-none-eabi/10.3.1/../../../../arm-none-eabi/lib/thumb/v7e-m+fp/hard/libc_nano.a(lib_a-sbrkr.o)
                0x0000000008008bd0                _sbrk_r
 .text.__sread  0x0000000008008bf0       0x22 /home/harini/st/stm32cubeide_1.11.0/plugins/com.st.stm32cube.ide.mcu.externaltools.gnu-tools-for-stm32.10.3-2021.10.linux64_1.0.100.202210260954/tools/bin/../lib/gcc/arm-none-eabi/10.3.1/../../../../arm-none-eabi/lib/thumb/v7e-m+fp/hard/libc_nano.a(lib_a-stdio.o)
                0x0000000008008bf0                __sread
 .text.__swrite
                0x0000000008008c12       0x38 /home/harini/st/stm32cubeide_1.11.0/plugins/com.st.stm32cube.ide.mcu.externaltools.gnu-tools-for-stm32.10.3-2021.10.linux64_1.0.100.202210260954/tools/bin/../lib/gcc/arm-none-eabi/10.3.1/../../../../arm-none-eabi/lib/thumb/v7e-m+fp/hard/libc_nano.a(lib_a-stdio.o)
                0x0000000008008c12                __swrite
 .text.__sseek  0x0000000008008c4a       0x24 /home/harini/st/stm32cubeide_1.11.0/plugins/com.st.stm32cube.ide.mcu.externaltools.gnu-tools-for-stm32.10.3-2021.10.linux64_1.0.100.202210260954/tools/bin/../lib/gcc/arm-none-eabi/10.3.1/../../../../arm-none-eabi/lib/thumb/v7e-m+fp/hard/libc_nano.a(lib_a-stdio.o)
                0x0000000008008c4a                __sseek
 .text.__sclose
                0x0000000008008c6e        0x8 /home/harini/st/stm32cubeide_1.11.0/plugins/com.st.stm32cube.ide.mcu.externaltools.gnu-tools-for-stm32.10.3-2021.10.linux64_1.0.100.202210260954/tools/bin/../lib/gcc/arm-none-eabi/10.3.1/../../../../arm-none-eabi/lib/thumb/v7e-m+fp/hard/libc_nano.a(lib_a-stdio.o)
                0x0000000008008c6e                __sclose
 *fill*         0x0000000008008c76        0x2 
 .text.__swbuf_r
                0x0000000008008c78       0xa4 /home/harini/st/stm32cubeide_1.11.0/plugins/com.st.stm32cube.ide.mcu.externaltools.gnu-tools-for-stm32.10.3-2021.10.linux64_1.0.100.202210260954/tools/bin/../lib/gcc/arm-none-eabi/10.3.1/../../../../arm-none-eabi/lib/thumb/v7e-m+fp/hard/libc_nano.a(lib_a-wbuf.o)
                0x0000000008008c78                __swbuf_r
 .text._write_r
                0x0000000008008d1c       0x24 /home/harini/st/stm32cubeide_1.11.0/plugins/com.st.stm32cube.ide.mcu.externaltools.gnu-tools-for-stm32.10.3-2021.10.linux64_1.0.100.202210260954/tools/bin/../lib/gcc/arm-none-eabi/10.3.1/../../../../arm-none-eabi/lib/thumb/v7e-m+fp/hard/libc_nano.a(lib_a-writer.o)
                0x0000000008008d1c                _write_r
 .text.__swsetup_r
                0x0000000008008d40       0xdc /home/harini/st/stm32cubeide_1.11.0/plugins/com.st.stm32cube.ide.mcu.externaltools.gnu-tools-for-stm32.10.3-2021.10.linux64_1.0.100.202210260954/tools/bin/../lib/gcc/arm-none-eabi/10.3.1/../../../../arm-none-eabi/lib/thumb/v7e-m+fp/hard/libc_nano.a(lib_a-wsetup.o)
                0x0000000008008d40                __swsetup_r
 .text._close_r
                0x0000000008008e1c       0x20 /home/harini/st/stm32cubeide_1.11.0/plugins/com.st.stm32cube.ide.mcu.externaltools.gnu-tools-for-stm32.10.3-2021.10.linux64_1.0.100.202210260954/tools/bin/../lib/gcc/arm-none-eabi/10.3.1/../../../../arm-none-eabi/lib/thumb/v7e-m+fp/hard/libc_nano.a(lib_a-closer.o)
                0x0000000008008e1c                _close_r
 .text.__sflush_r
                0x0000000008008e3c      0x10c /home/harini/st/stm32cubeide_1.11.0/plugins/com.st.stm32cube.ide.mcu.externaltools.gnu-tools-for-stm32.10.3-2021.10.linux64_1.0.100.202210260954/tools/bin/../lib/gcc/arm-none-eabi/10.3.1/../../../../arm-none-eabi/lib/thumb/v7e-m+fp/hard/libc_nano.a(lib_a-fflush.o)
                0x0000000008008e3c                __sflush_r
 .text._fflush_r
                0x0000000008008f48       0x78 /home/harini/st/stm32cubeide_1.11.0/plugins/com.st.stm32cube.ide.mcu.externaltools.gnu-tools-for-stm32.10.3-2021.10.linux64_1.0.100.202210260954/tools/bin/../lib/gcc/arm-none-eabi/10.3.1/../../../../arm-none-eabi/lib/thumb/v7e-m+fp/hard/libc_nano.a(lib_a-fflush.o)
                0x0000000008008f48                _fflush_r
 .text._lseek_r
                0x0000000008008fc0       0x24 /home/harini/st/stm32cubeide_1.11.0/plugins/com.st.stm32cube.ide.mcu.externaltools.gnu-tools-for-stm32.10.3-2021.10.linux64_1.0.100.202210260954/tools/bin/../lib/gcc/arm-none-eabi/10.3.1/../../../../arm-none-eabi/lib/thumb/v7e-m+fp/hard/libc_nano.a(lib_a-lseekr.o)
                0x0000000008008fc0                _lseek_r
 .text.__swhatbuf_r
                0x0000000008008fe4       0x4a /home/harini/st/stm32cubeide_1.11.0/plugins/com.st.stm32cube.ide.mcu.externaltools.gnu-tools-for-stm32.10.3-2021.10.linux64_1.0.100.202210260954/tools/bin/../lib/gcc/arm-none-eabi/10.3.1/../../../../arm-none-eabi/lib/thumb/v7e-m+fp/hard/libc_nano.a(lib_a-makebuf.o)
                0x0000000008008fe4                __swhatbuf_r
 *fill*         0x000000000800902e        0x2 
 .text.__smakebuf_r
                0x0000000008009030       0x80 /home/harini/st/stm32cubeide_1.11.0/plugins/com.st.stm32cube.ide.mcu.externaltools.gnu-tools-for-stm32.10.3-2021.10.linux64_1.0.100.202210260954/tools/bin/../lib/gcc/arm-none-eabi/10.3.1/../../../../arm-none-eabi/lib/thumb/v7e-m+fp/hard/libc_nano.a(lib_a-makebuf.o)
                0x0000000008009030                __smakebuf_r
 .text.memmove  0x00000000080090b0       0x34 /home/harini/st/stm32cubeide_1.11.0/plugins/com.st.stm32cube.ide.mcu.externaltools.gnu-tools-for-stm32.10.3-2021.10.linux64_1.0.100.202210260954/tools/bin/../lib/gcc/arm-none-eabi/10.3.1/../../../../arm-none-eabi/lib/thumb/v7e-m+fp/hard/libc_nano.a(lib_a-memmove.o)
                0x00000000080090b0                memmove
 .text.__malloc_lock
                0x00000000080090e4        0xc /home/harini/st/stm32cubeide_1.11.0/plugins/com.st.stm32cube.ide.mcu.externaltools.gnu-tools-for-stm32.10.3-2021.10.linux64_1.0.100.202210260954/tools/bin/../lib/gcc/arm-none-eabi/10.3.1/../../../../arm-none-eabi/lib/thumb/v7e-m+fp/hard/libc_nano.a(lib_a-mlock.o)
                0x00000000080090e4                __malloc_lock
 .text.__malloc_unlock
                0x00000000080090f0        0xc /home/harini/st/stm32cubeide_1.11.0/plugins/com.st.stm32cube.ide.mcu.externaltools.gnu-tools-for-stm32.10.3-2021.10.linux64_1.0.100.202210260954/tools/bin/../lib/gcc/arm-none-eabi/10.3.1/../../../../arm-none-eabi/lib/thumb/v7e-m+fp/hard/libc_nano.a(lib_a-mlock.o)
                0x00000000080090f0                __malloc_unlock
 .text._free_r  0x00000000080090fc       0x98 /home/harini/st/stm32cubeide_1.11.0/plugins/com.st.stm32cube.ide.mcu.externaltools.gnu-tools-for-stm32.10.3-2021.10.linux64_1.0.100.202210260954/tools/bin/../lib/gcc/arm-none-eabi/10.3.1/../../../../arm-none-eabi/lib/thumb/v7e-m+fp/hard/libc_nano.a(lib_a-nano-freer.o)
                0x00000000080090fc                _free_r
 .text._realloc_r
                0x0000000008009194       0x5e /home/harini/st/stm32cubeide_1.11.0/plugins/com.st.stm32cube.ide.mcu.externaltools.gnu-tools-for-stm32.10.3-2021.10.linux64_1.0.100.202210260954/tools/bin/../lib/gcc/arm-none-eabi/10.3.1/../../../../arm-none-eabi/lib/thumb/v7e-m+fp/hard/libc_nano.a(lib_a-nano-reallocr.o)
                0x0000000008009194                _realloc_r
 *fill*         0x00000000080091f2        0x2 
 .text._read_r  0x00000000080091f4       0x24 /home/harini/st/stm32cubeide_1.11.0/plugins/com.st.stm32cube.ide.mcu.externaltools.gnu-tools-for-stm32.10.3-2021.10.linux64_1.0.100.202210260954/tools/bin/../lib/gcc/arm-none-eabi/10.3.1/../../../../arm-none-eabi/lib/thumb/v7e-m+fp/hard/libc_nano.a(lib_a-readr.o)
                0x00000000080091f4                _read_r
 .text._fstat_r
                0x0000000008009218       0x24 /home/harini/st/stm32cubeide_1.11.0/plugins/com.st.stm32cube.ide.mcu.externaltools.gnu-tools-for-stm32.10.3-2021.10.linux64_1.0.100.202210260954/tools/bin/../lib/gcc/arm-none-eabi/10.3.1/../../../../arm-none-eabi/lib/thumb/v7e-m+fp/hard/libc_nano.a(lib_a-fstatr.o)
                0x0000000008009218                _fstat_r
 .text._isatty_r
                0x000000000800923c       0x20 /home/harini/st/stm32cubeide_1.11.0/plugins/com.st.stm32cube.ide.mcu.externaltools.gnu-tools-for-stm32.10.3-2021.10.linux64_1.0.100.202210260954/tools/bin/../lib/gcc/arm-none-eabi/10.3.1/../../../../arm-none-eabi/lib/thumb/v7e-m+fp/hard/libc_nano.a(lib_a-isattyr.o)
                0x000000000800923c                _isatty_r
 .text._malloc_usable_size_r
                0x000000000800925c       0x10 /home/harini/st/stm32cubeide_1.11.0/plugins/com.st.stm32cube.ide.mcu.externaltools.gnu-tools-for-stm32.10.3-2021.10.linux64_1.0.100.202210260954/tools/bin/../lib/gcc/arm-none-eabi/10.3.1/../../../../arm-none-eabi/lib/thumb/v7e-m+fp/hard/libc_nano.a(lib_a-nano-msizer.o)
                0x000000000800925c                _malloc_usable_size_r
 *(.glue_7)
 .glue_7        0x000000000800926c        0x0 linker stubs
 *(.glue_7t)
 .glue_7t       0x000000000800926c        0x0 linker stubs
 *(.eh_frame)
 .eh_frame      0x000000000800926c        0x0 /home/harini/st/stm32cubeide_1.11.0/plugins/com.st.stm32cube.ide.mcu.externaltools.gnu-tools-for-stm32.10.3-2021.10.linux64_1.0.100.202210260954/tools/bin/../lib/gcc/arm-none-eabi/10.3.1/thumb/v7e-m+fp/hard/crtbegin.o
 *(.init)
 .init          0x000000000800926c        0x4 /home/harini/st/stm32cubeide_1.11.0/plugins/com.st.stm32cube.ide.mcu.externaltools.gnu-tools-for-stm32.10.3-2021.10.linux64_1.0.100.202210260954/tools/bin/../lib/gcc/arm-none-eabi/10.3.1/thumb/v7e-m+fp/hard/crti.o
                0x000000000800926c                _init
 .init          0x0000000008009270        0x8 /home/harini/st/stm32cubeide_1.11.0/plugins/com.st.stm32cube.ide.mcu.externaltools.gnu-tools-for-stm32.10.3-2021.10.linux64_1.0.100.202210260954/tools/bin/../lib/gcc/arm-none-eabi/10.3.1/thumb/v7e-m+fp/hard/crtn.o
 *(.fini)
 .fini          0x0000000008009278        0x4 /home/harini/st/stm32cubeide_1.11.0/plugins/com.st.stm32cube.ide.mcu.externaltools.gnu-tools-for-stm32.10.3-2021.10.linux64_1.0.100.202210260954/tools/bin/../lib/gcc/arm-none-eabi/10.3.1/thumb/v7e-m+fp/hard/crti.o
                0x0000000008009278                _fini
 .fini          0x000000000800927c        0x8 /home/harini/st/stm32cubeide_1.11.0/plugins/com.st.stm32cube.ide.mcu.externaltools.gnu-tools-for-stm32.10.3-2021.10.linux64_1.0.100.202210260954/tools/bin/../lib/gcc/arm-none-eabi/10.3.1/thumb/v7e-m+fp/hard/crtn.o
                0x0000000008009284                . = ALIGN (0x4)
                0x0000000008009284                _etext = .

.vfp11_veneer   0x0000000008009284        0x0
 .vfp11_veneer  0x0000000008009284        0x0 linker stubs

.v4_bx          0x0000000008009284        0x0
 .v4_bx         0x0000000008009284        0x0 linker stubs

.iplt           0x0000000008009284        0x0
 .iplt          0x0000000008009284        0x0 /home/harini/st/stm32cubeide_1.11.0/plugins/com.st.stm32cube.ide.mcu.externaltools.gnu-tools-for-stm32.10.3-2021.10.linux64_1.0.100.202210260954/tools/bin/../lib/gcc/arm-none-eabi/10.3.1/thumb/v7e-m+fp/hard/crtbegin.o

.rodata         0x0000000008009284      0x494
                0x0000000008009284                . = ALIGN (0x4)
 *(.rodata)
 .rodata        0x0000000008009284       0x59 ./Core/Src/main.o
 *fill*         0x00000000080092dd        0x3 
 .rodata        0x00000000080092e0       0x58 ./Core/Src/rtc.o
 .rodata        0x0000000008009338      0x317 ./Core/Src/task_handler.o
 *fill*         0x000000000800964f        0x1 
 .rodata        0x0000000008009650        0x5 ./common/ThirdParty/FreeRTOS/tasks.o
 *fill*         0x0000000008009655        0x3 
 .rodata        0x0000000008009658        0xd ./common/ThirdParty/FreeRTOS/timers.o
 *(.rodata*)
 *fill*         0x0000000008009665        0x3 
 .rodata.AHBPrescTable
                0x0000000008009668       0x10 ./Core/Src/system_stm32f4xx.o
                0x0000000008009668                AHBPrescTable
 .rodata.APBPrescTable
                0x0000000008009678        0x8 ./Core/Src/system_stm32f4xx.o
                0x0000000008009678                APBPrescTable
 .rodata._global_impure_ptr
                0x0000000008009680        0x4 /home/harini/st/stm32cubeide_1.11.0/plugins/com.st.stm32cube.ide.mcu.externaltools.gnu-tools-for-stm32.10.3-2021.10.linux64_1.0.100.202210260954/tools/bin/../lib/gcc/arm-none-eabi/10.3.1/../../../../arm-none-eabi/lib/thumb/v7e-m+fp/hard/libc_nano.a(lib_a-impure.o)
                0x0000000008009680                _global_impure_ptr
 .rodata.__sf_fake_stderr
                0x0000000008009684       0x20 /home/harini/st/stm32cubeide_1.11.0/plugins/com.st.stm32cube.ide.mcu.externaltools.gnu-tools-for-stm32.10.3-2021.10.linux64_1.0.100.202210260954/tools/bin/../lib/gcc/arm-none-eabi/10.3.1/../../../../arm-none-eabi/lib/thumb/v7e-m+fp/hard/libc_nano.a(lib_a-findfp.o)
                0x0000000008009684                __sf_fake_stderr
 .rodata.__sf_fake_stdin
                0x00000000080096a4       0x20 /home/harini/st/stm32cubeide_1.11.0/plugins/com.st.stm32cube.ide.mcu.externaltools.gnu-tools-for-stm32.10.3-2021.10.linux64_1.0.100.202210260954/tools/bin/../lib/gcc/arm-none-eabi/10.3.1/../../../../arm-none-eabi/lib/thumb/v7e-m+fp/hard/libc_nano.a(lib_a-findfp.o)
                0x00000000080096a4                __sf_fake_stdin
 .rodata.__sf_fake_stdout
                0x00000000080096c4       0x20 /home/harini/st/stm32cubeide_1.11.0/plugins/com.st.stm32cube.ide.mcu.externaltools.gnu-tools-for-stm32.10.3-2021.10.linux64_1.0.100.202210260954/tools/bin/../lib/gcc/arm-none-eabi/10.3.1/../../../../arm-none-eabi/lib/thumb/v7e-m+fp/hard/libc_nano.a(lib_a-findfp.o)
                0x00000000080096c4                __sf_fake_stdout
 .rodata._svfprintf_r.str1.1
                0x00000000080096e4       0x11 /home/harini/st/stm32cubeide_1.11.0/plugins/com.st.stm32cube.ide.mcu.externaltools.gnu-tools-for-stm32.10.3-2021.10.linux64_1.0.100.202210260954/tools/bin/../lib/gcc/arm-none-eabi/10.3.1/../../../../arm-none-eabi/lib/thumb/v7e-m+fp/hard/libc_nano.a(lib_a-nano-svfprintf.o)
 .rodata._vfprintf_r.str1.1
                0x00000000080096f5       0x11 /home/harini/st/stm32cubeide_1.11.0/plugins/com.st.stm32cube.ide.mcu.externaltools.gnu-tools-for-stm32.10.3-2021.10.linux64_1.0.100.202210260954/tools/bin/../lib/gcc/arm-none-eabi/10.3.1/../../../../arm-none-eabi/lib/thumb/v7e-m+fp/hard/libc_nano.a(lib_a-nano-vfprintf.o)
 .rodata._printf_i.str1.1
                0x00000000080096f5       0x22 /home/harini/st/stm32cubeide_1.11.0/plugins/com.st.stm32cube.ide.mcu.externaltools.gnu-tools-for-stm32.10.3-2021.10.linux64_1.0.100.202210260954/tools/bin/../lib/gcc/arm-none-eabi/10.3.1/../../../../arm-none-eabi/lib/thumb/v7e-m+fp/hard/libc_nano.a(lib_a-nano-vfprintf_i.o)
                0x0000000008009718                . = ALIGN (0x4)
 *fill*         0x0000000008009717        0x1 

.ARM.extab      0x0000000008009718        0x0
                0x0000000008009718                . = ALIGN (0x4)
 *(.ARM.extab* .gnu.linkonce.armextab.*)
                0x0000000008009718                . = ALIGN (0x4)

.ARM            0x0000000008009718        0x8
                0x0000000008009718                . = ALIGN (0x4)
                0x0000000008009718                __exidx_start = .
 *(.ARM.exidx*)
 .ARM.exidx     0x0000000008009718        0x8 /home/harini/st/stm32cubeide_1.11.0/plugins/com.st.stm32cube.ide.mcu.externaltools.gnu-tools-for-stm32.10.3-2021.10.linux64_1.0.100.202210260954/tools/bin/../lib/gcc/arm-none-eabi/10.3.1/thumb/v7e-m+fp/hard/libgcc.a(_udivmoddi4.o)
                0x0000000008009720                __exidx_end = .
                0x0000000008009720                . = ALIGN (0x4)

.rel.dyn        0x0000000008009720        0x0
 .rel.iplt      0x0000000008009720        0x0 /home/harini/st/stm32cubeide_1.11.0/plugins/com.st.stm32cube.ide.mcu.externaltools.gnu-tools-for-stm32.10.3-2021.10.linux64_1.0.100.202210260954/tools/bin/../lib/gcc/arm-none-eabi/10.3.1/thumb/v7e-m+fp/hard/crtbegin.o

.preinit_array  0x0000000008009720        0x0
                0x0000000008009720                . = ALIGN (0x4)
                0x0000000008009720                PROVIDE (__preinit_array_start = .)
 *(.preinit_array*)
                0x0000000008009720                PROVIDE (__preinit_array_end = .)
                0x0000000008009720                . = ALIGN (0x4)

.init_array     0x0000000008009720        0x4
                0x0000000008009720                . = ALIGN (0x4)
                0x0000000008009720                PROVIDE (__init_array_start = .)
 *(SORT_BY_NAME(.init_array.*))
 *(.init_array*)
 .init_array    0x0000000008009720        0x4 /home/harini/st/stm32cubeide_1.11.0/plugins/com.st.stm32cube.ide.mcu.externaltools.gnu-tools-for-stm32.10.3-2021.10.linux64_1.0.100.202210260954/tools/bin/../lib/gcc/arm-none-eabi/10.3.1/thumb/v7e-m+fp/hard/crtbegin.o
                0x0000000008009724                PROVIDE (__init_array_end = .)
                0x0000000008009724                . = ALIGN (0x4)

.fini_array     0x0000000008009724        0x4
                0x0000000008009724                . = ALIGN (0x4)
                [!provide]                        PROVIDE (__fini_array_start = .)
 *(SORT_BY_NAME(.fini_array.*))
 *(.fini_array*)
 .fini_array    0x0000000008009724        0x4 /home/harini/st/stm32cubeide_1.11.0/plugins/com.st.stm32cube.ide.mcu.externaltools.gnu-tools-for-stm32.10.3-2021.10.linux64_1.0.100.202210260954/tools/bin/../lib/gcc/arm-none-eabi/10.3.1/thumb/v7e-m+fp/hard/crtbegin.o
                [!provide]                        PROVIDE (__fini_array_end = .)
                0x0000000008009728                . = ALIGN (0x4)
                0x0000000008009728                _sidata = LOADADDR (.data)

.data           0x0000000020000000       0x8c load address 0x0000000008009728
                0x0000000020000000                . = ALIGN (0x4)
                0x0000000020000000                _sdata = .
 *(.data)
 *(.data*)
 .data.flag.3   0x0000000020000000        0x4 ./Core/Src/led_effect.o
 .data.flag.2   0x0000000020000004        0x4 ./Core/Src/led_effect.o
 .data.time.2   0x0000000020000008        0x4 ./Core/Src/rtc.o
 .data.date.0   0x000000002000000c        0x4 ./Core/Src/rtc.o
 .data.SystemCoreClock
                0x0000000020000010        0x4 ./Core/Src/system_stm32f4xx.o
                0x0000000020000010                SystemCoreClock
 .data.msg_inv  0x0000000020000014        0x4 ./Core/Src/task_handler.o
                0x0000000020000014                msg_inv
 .data.uwTickPrio
                0x0000000020000018        0x4 ./Drivers/STM32F4xx_HAL_Driver/Src/stm32f4xx_hal.o
                0x0000000020000018                uwTickPrio
 .data.uwTickFreq
                0x000000002000001c        0x1 ./Drivers/STM32F4xx_HAL_Driver/Src/stm32f4xx_hal.o
                0x000000002000001c                uwTickFreq
 *fill*         0x000000002000001d        0x3 
 .data.uxTopUsedPriority
                0x0000000020000020        0x4 ./common/ThirdParty/FreeRTOS/tasks.o
                0x0000000020000020                uxTopUsedPriority
 .data.uxCriticalNesting
                0x0000000020000024        0x4 ./common/ThirdParty/FreeRTOS/portable/GCC/ARM_CM4F/port.o
 .data._impure_ptr
                0x0000000020000028        0x4 /home/harini/st/stm32cubeide_1.11.0/plugins/com.st.stm32cube.ide.mcu.externaltools.gnu-tools-for-stm32.10.3-2021.10.linux64_1.0.100.202210260954/tools/bin/../lib/gcc/arm-none-eabi/10.3.1/../../../../arm-none-eabi/lib/thumb/v7e-m+fp/hard/libc_nano.a(lib_a-impure.o)
                0x0000000020000028                _impure_ptr
 .data.impure_data
                0x000000002000002c       0x60 /home/harini/st/stm32cubeide_1.11.0/plugins/com.st.stm32cube.ide.mcu.externaltools.gnu-tools-for-stm32.10.3-2021.10.linux64_1.0.100.202210260954/tools/bin/../lib/gcc/arm-none-eabi/10.3.1/../../../../arm-none-eabi/lib/thumb/v7e-m+fp/hard/libc_nano.a(lib_a-impure.o)
 *(.RamFunc)
 *(.RamFunc*)
                0x000000002000008c                . = ALIGN (0x4)
                0x000000002000008c                _edata = .
                0x00000000080097b4                _siccmram = LOADADDR (.ccmram)

.igot.plt       0x000000002000008c        0x0 load address 0x00000000080097b4
 .igot.plt      0x000000002000008c        0x0 /home/harini/st/stm32cubeide_1.11.0/plugins/com.st.stm32cube.ide.mcu.externaltools.gnu-tools-for-stm32.10.3-2021.10.linux64_1.0.100.202210260954/tools/bin/../lib/gcc/arm-none-eabi/10.3.1/thumb/v7e-m+fp/hard/crtbegin.o

.ccmram         0x0000000010000000        0x0 load address 0x00000000080097b4
                0x0000000010000000                . = ALIGN (0x4)
                0x0000000010000000                _sccmram = .
 *(.ccmram)
 *(.ccmram*)
                0x0000000010000000                . = ALIGN (0x4)
                0x0000000010000000                _eccmram = .
                0x0000000010000000                . = ALIGN (0x4)

.bss            0x000000002000008c    0x12f14
                0x000000002000008c                _sbss = .
                0x000000002000008c                __bss_start__ = _sbss
 *(.bss)
 .bss           0x000000002000008c       0x1c /home/harini/st/stm32cubeide_1.11.0/plugins/com.st.stm32cube.ide.mcu.externaltools.gnu-tools-for-stm32.10.3-2021.10.linux64_1.0.100.202210260954/tools/bin/../lib/gcc/arm-none-eabi/10.3.1/thumb/v7e-m+fp/hard/crtbegin.o
 *(.bss*)
 .bss.i.1       0x00000000200000a8        0x4 ./Core/Src/led_effect.o
 .bss.i.0       0x00000000200000ac        0x4 ./Core/Src/led_effect.o
 .bss.hrtc      0x00000000200000b0       0x20 ./Core/Src/main.o
                0x00000000200000b0                hrtc
 .bss.huart2    0x00000000200000d0       0x44 ./Core/Src/main.o
                0x00000000200000d0                huart2
 .bss.handle_cmd_task
                0x0000000020000114        0x4 ./Core/Src/main.o
                0x0000000020000114                handle_cmd_task
 .bss.handle_menu_task
                0x0000000020000118        0x4 ./Core/Src/main.o
                0x0000000020000118                handle_menu_task
 .bss.handle_print_task
                0x000000002000011c        0x4 ./Core/Src/main.o
                0x000000002000011c                handle_print_task
 .bss.handle_led_task
                0x0000000020000120        0x4 ./Core/Src/main.o
                0x0000000020000120                handle_led_task
 .bss.handle_rtc_task
                0x0000000020000124        0x4 ./Core/Src/main.o
                0x0000000020000124                handle_rtc_task
 .bss.q_data    0x0000000020000128        0x4 ./Core/Src/main.o
                0x0000000020000128                q_data
 .bss.q_print   0x000000002000012c        0x4 ./Core/Src/main.o
                0x000000002000012c                q_print
 .bss.handle_led_timer
                0x0000000020000130       0x10 ./Core/Src/main.o
                0x0000000020000130                handle_led_timer
 .bss.rtc_timer
                0x0000000020000140        0x4 ./Core/Src/main.o
                0x0000000020000140                rtc_timer
 .bss.user_data
                0x0000000020000144        0x1 ./Core/Src/main.o
                0x0000000020000144                user_data
 .bss.curr_state
                0x0000000020000145        0x1 ./Core/Src/main.o
                0x0000000020000145                curr_state
 *fill*         0x0000000020000146        0x2 
 .bss.showtime.3
                0x0000000020000148       0x28 ./Core/Src/rtc.o
 .bss.showdate.1
                0x0000000020000170       0x28 ./Core/Src/rtc.o
 .bss.htim6     0x0000000020000198       0x48 ./Core/Src/stm32f4xx_hal_timebase_tim.o
                0x0000000020000198                htim6
 .bss.__sbrk_heap_end
                0x00000000200001e0        0x4 ./Core/Src/sysmem.o
 .bss.rtc_state.0
                0x00000000200001e4        0x4 ./Core/Src/task_handler.o
 .bss.uwTick    0x00000000200001e8        0x4 ./Drivers/STM32F4xx_HAL_Driver/Src/stm32f4xx_hal.o
                0x00000000200001e8                uwTick
 .bss.xQueueRegistry
                0x00000000200001ec       0x40 ./common/ThirdParty/FreeRTOS/queue.o
                0x00000000200001ec                xQueueRegistry
 .bss.pxCurrentTCB
                0x000000002000022c        0x4 ./common/ThirdParty/FreeRTOS/tasks.o
                0x000000002000022c                pxCurrentTCB
 .bss.pxReadyTasksLists
                0x0000000020000230       0x64 ./common/ThirdParty/FreeRTOS/tasks.o
 .bss.xDelayedTaskList1
                0x0000000020000294       0x14 ./common/ThirdParty/FreeRTOS/tasks.o
 .bss.xDelayedTaskList2
                0x00000000200002a8       0x14 ./common/ThirdParty/FreeRTOS/tasks.o
 .bss.pxDelayedTaskList
                0x00000000200002bc        0x4 ./common/ThirdParty/FreeRTOS/tasks.o
 .bss.pxOverflowDelayedTaskList
                0x00000000200002c0        0x4 ./common/ThirdParty/FreeRTOS/tasks.o
 .bss.xPendingReadyList
                0x00000000200002c4       0x14 ./common/ThirdParty/FreeRTOS/tasks.o
 .bss.xTasksWaitingTermination
                0x00000000200002d8       0x14 ./common/ThirdParty/FreeRTOS/tasks.o
 .bss.uxDeletedTasksWaitingCleanUp
                0x00000000200002ec        0x4 ./common/ThirdParty/FreeRTOS/tasks.o
 .bss.xSuspendedTaskList
                0x00000000200002f0       0x14 ./common/ThirdParty/FreeRTOS/tasks.o
 .bss.uxCurrentNumberOfTasks
                0x0000000020000304        0x4 ./common/ThirdParty/FreeRTOS/tasks.o
 .bss.xTickCount
                0x0000000020000308        0x4 ./common/ThirdParty/FreeRTOS/tasks.o
 .bss.uxTopReadyPriority
                0x000000002000030c        0x4 ./common/ThirdParty/FreeRTOS/tasks.o
 .bss.xSchedulerRunning
                0x0000000020000310        0x4 ./common/ThirdParty/FreeRTOS/tasks.o
 .bss.xPendedTicks
                0x0000000020000314        0x4 ./common/ThirdParty/FreeRTOS/tasks.o
 .bss.xYieldPending
                0x0000000020000318        0x4 ./common/ThirdParty/FreeRTOS/tasks.o
 .bss.xNumOfOverflows
                0x000000002000031c        0x4 ./common/ThirdParty/FreeRTOS/tasks.o
 .bss.uxTaskNumber
                0x0000000020000320        0x4 ./common/ThirdParty/FreeRTOS/tasks.o
 .bss.xNextTaskUnblockTime
                0x0000000020000324        0x4 ./common/ThirdParty/FreeRTOS/tasks.o
 .bss.xIdleTaskHandle
                0x0000000020000328        0x4 ./common/ThirdParty/FreeRTOS/tasks.o
 .bss.uxSchedulerSuspended
                0x000000002000032c        0x4 ./common/ThirdParty/FreeRTOS/tasks.o
 .bss.xActiveTimerList1
                0x0000000020000330       0x14 ./common/ThirdParty/FreeRTOS/timers.o
 .bss.xActiveTimerList2
                0x0000000020000344       0x14 ./common/ThirdParty/FreeRTOS/timers.o
 .bss.pxCurrentTimerList
                0x0000000020000358        0x4 ./common/ThirdParty/FreeRTOS/timers.o
 .bss.pxOverflowTimerList
                0x000000002000035c        0x4 ./common/ThirdParty/FreeRTOS/timers.o
 .bss.xTimerQueue
                0x0000000020000360        0x4 ./common/ThirdParty/FreeRTOS/timers.o
 .bss.xTimerTaskHandle
                0x0000000020000364        0x4 ./common/ThirdParty/FreeRTOS/timers.o
 .bss.xLastTime.0
                0x0000000020000368        0x4 ./common/ThirdParty/FreeRTOS/timers.o
 .bss.ucMaxSysCallPriority
                0x000000002000036c        0x1 ./common/ThirdParty/FreeRTOS/portable/GCC/ARM_CM4F/port.o
 *fill*         0x000000002000036d        0x3 
 .bss.ulMaxPRIGROUPValue
                0x0000000020000370        0x4 ./common/ThirdParty/FreeRTOS/portable/GCC/ARM_CM4F/port.o
 .bss.ucHeap    0x0000000020000374    0x12c00 ./common/ThirdParty/FreeRTOS/portable/MemMang/heap_4.o
 .bss.xStart    0x0000000020012f74        0x8 ./common/ThirdParty/FreeRTOS/portable/MemMang/heap_4.o
 .bss.pxEnd     0x0000000020012f7c        0x4 ./common/ThirdParty/FreeRTOS/portable/MemMang/heap_4.o
 .bss.xFreeBytesRemaining
                0x0000000020012f80        0x4 ./common/ThirdParty/FreeRTOS/portable/MemMang/heap_4.o
 .bss.xMinimumEverFreeBytesRemaining
                0x0000000020012f84        0x4 ./common/ThirdParty/FreeRTOS/portable/MemMang/heap_4.o
 .bss.xNumberOfSuccessfulAllocations
                0x0000000020012f88        0x4 ./common/ThirdParty/FreeRTOS/portable/MemMang/heap_4.o
 .bss.xNumberOfSuccessfulFrees
                0x0000000020012f8c        0x4 ./common/ThirdParty/FreeRTOS/portable/MemMang/heap_4.o
 .bss.__lock___malloc_recursive_mutex
                0x0000000020012f90        0x1 /home/harini/st/stm32cubeide_1.11.0/plugins/com.st.stm32cube.ide.mcu.externaltools.gnu-tools-for-stm32.10.3-2021.10.linux64_1.0.100.202210260954/tools/bin/../lib/gcc/arm-none-eabi/10.3.1/../../../../arm-none-eabi/lib/thumb/v7e-m+fp/hard/libc_nano.a(lib_a-lock.o)
                0x0000000020012f90                __lock___malloc_recursive_mutex
 .bss.__lock___sfp_recursive_mutex
                0x0000000020012f91        0x1 /home/harini/st/stm32cubeide_1.11.0/plugins/com.st.stm32cube.ide.mcu.externaltools.gnu-tools-for-stm32.10.3-2021.10.linux64_1.0.100.202210260954/tools/bin/../lib/gcc/arm-none-eabi/10.3.1/../../../../arm-none-eabi/lib/thumb/v7e-m+fp/hard/libc_nano.a(lib_a-lock.o)
                0x0000000020012f91                __lock___sfp_recursive_mutex
 .bss.__lock___sinit_recursive_mutex
                0x0000000020012f92        0x1 /home/harini/st/stm32cubeide_1.11.0/plugins/com.st.stm32cube.ide.mcu.externaltools.gnu-tools-for-stm32.10.3-2021.10.linux64_1.0.100.202210260954/tools/bin/../lib/gcc/arm-none-eabi/10.3.1/../../../../arm-none-eabi/lib/thumb/v7e-m+fp/hard/libc_nano.a(lib_a-lock.o)
                0x0000000020012f92                __lock___sinit_recursive_mutex
 *fill*         0x0000000020012f93        0x1 
 .bss.__malloc_free_list
                0x0000000020012f94        0x4 /home/harini/st/stm32cubeide_1.11.0/plugins/com.st.stm32cube.ide.mcu.externaltools.gnu-tools-for-stm32.10.3-2021.10.linux64_1.0.100.202210260954/tools/bin/../lib/gcc/arm-none-eabi/10.3.1/../../../../arm-none-eabi/lib/thumb/v7e-m+fp/hard/libc_nano.a(lib_a-nano-mallocr.o)
                0x0000000020012f94                __malloc_free_list
 .bss.__malloc_sbrk_start
                0x0000000020012f98        0x4 /home/harini/st/stm32cubeide_1.11.0/plugins/com.st.stm32cube.ide.mcu.externaltools.gnu-tools-for-stm32.10.3-2021.10.linux64_1.0.100.202210260954/tools/bin/../lib/gcc/arm-none-eabi/10.3.1/../../../../arm-none-eabi/lib/thumb/v7e-m+fp/hard/libc_nano.a(lib_a-nano-mallocr.o)
                0x0000000020012f98                __malloc_sbrk_start
 .bss.errno     0x0000000020012f9c        0x4 /home/harini/st/stm32cubeide_1.11.0/plugins/com.st.stm32cube.ide.mcu.externaltools.gnu-tools-for-stm32.10.3-2021.10.linux64_1.0.100.202210260954/tools/bin/../lib/gcc/arm-none-eabi/10.3.1/../../../../arm-none-eabi/lib/thumb/v7e-m+fp/hard/libc_nano.a(lib_a-reent.o)
                0x0000000020012f9c                errno
 *(COMMON)
                0x0000000020012fa0                . = ALIGN (0x4)
                0x0000000020012fa0                _ebss = .
                0x0000000020012fa0                __bss_end__ = _ebss

._user_heap_stack
                0x0000000020012fa0      0x600
                0x0000000020012fa0                . = ALIGN (0x8)
                [!provide]                        PROVIDE (end = .)
                0x0000000020012fa0                PROVIDE (_end = .)
                0x00000000200131a0                . = (. + _Min_Heap_Size)
 *fill*         0x0000000020012fa0      0x200 
                0x00000000200135a0                . = (. + _Min_Stack_Size)
 *fill*         0x00000000200131a0      0x400 
                0x00000000200135a0                . = ALIGN (0x8)

/DISCARD/
 libc.a(*)
 libm.a(*)
 libgcc.a(*)

.ARM.attributes
                0x0000000000000000       0x30
 *(.ARM.attributes)
 .ARM.attributes
                0x0000000000000000       0x1e /home/harini/st/stm32cubeide_1.11.0/plugins/com.st.stm32cube.ide.mcu.externaltools.gnu-tools-for-stm32.10.3-2021.10.linux64_1.0.100.202210260954/tools/bin/../lib/gcc/arm-none-eabi/10.3.1/thumb/v7e-m+fp/hard/crti.o
 .ARM.attributes
                0x000000000000001e       0x34 /home/harini/st/stm32cubeide_1.11.0/plugins/com.st.stm32cube.ide.mcu.externaltools.gnu-tools-for-stm32.10.3-2021.10.linux64_1.0.100.202210260954/tools/bin/../lib/gcc/arm-none-eabi/10.3.1/thumb/v7e-m+fp/hard/crtbegin.o
 .ARM.attributes
                0x0000000000000052       0x34 ./Core/Src/led_effect.o
 .ARM.attributes
                0x0000000000000086       0x34 ./Core/Src/main.o
 .ARM.attributes
                0x00000000000000ba       0x34 ./Core/Src/rtc.o
 .ARM.attributes
                0x00000000000000ee       0x34 ./Core/Src/stm32f4xx_hal_msp.o
 .ARM.attributes
                0x0000000000000122       0x34 ./Core/Src/stm32f4xx_hal_timebase_tim.o
 .ARM.attributes
                0x0000000000000156       0x34 ./Core/Src/stm32f4xx_it.o
 .ARM.attributes
                0x000000000000018a       0x34 ./Core/Src/syscalls.o
 .ARM.attributes
                0x00000000000001be       0x34 ./Core/Src/sysmem.o
 .ARM.attributes
                0x00000000000001f2       0x34 ./Core/Src/system_stm32f4xx.o
 .ARM.attributes
                0x0000000000000226       0x34 ./Core/Src/task_handler.o
 .ARM.attributes
                0x000000000000025a       0x21 ./Core/Startup/startup_stm32f407vgtx.o
 .ARM.attributes
                0x000000000000027b       0x34 ./Drivers/STM32F4xx_HAL_Driver/Src/stm32f4xx_hal.o
 .ARM.attributes
                0x00000000000002af       0x34 ./Drivers/STM32F4xx_HAL_Driver/Src/stm32f4xx_hal_cortex.o
 .ARM.attributes
                0x00000000000002e3       0x34 ./Drivers/STM32F4xx_HAL_Driver/Src/stm32f4xx_hal_dma.o
 .ARM.attributes
                0x0000000000000317       0x34 ./Drivers/STM32F4xx_HAL_Driver/Src/stm32f4xx_hal_gpio.o
 .ARM.attributes
                0x000000000000034b       0x34 ./Drivers/STM32F4xx_HAL_Driver/Src/stm32f4xx_hal_rcc.o
 .ARM.attributes
                0x000000000000037f       0x34 ./Drivers/STM32F4xx_HAL_Driver/Src/stm32f4xx_hal_rcc_ex.o
 .ARM.attributes
                0x00000000000003b3       0x34 ./Drivers/STM32F4xx_HAL_Driver/Src/stm32f4xx_hal_rtc.o
 .ARM.attributes
                0x00000000000003e7       0x34 ./Drivers/STM32F4xx_HAL_Driver/Src/stm32f4xx_hal_tim.o
 .ARM.attributes
                0x000000000000041b       0x34 ./Drivers/STM32F4xx_HAL_Driver/Src/stm32f4xx_hal_tim_ex.o
 .ARM.attributes
                0x000000000000044f       0x34 ./Drivers/STM32F4xx_HAL_Driver/Src/stm32f4xx_hal_uart.o
 .ARM.attributes
                0x0000000000000483       0x34 ./common/ThirdParty/FreeRTOS/list.o
 .ARM.attributes
                0x00000000000004b7       0x34 ./common/ThirdParty/FreeRTOS/queue.o
 .ARM.attributes
                0x00000000000004eb       0x34 ./common/ThirdParty/FreeRTOS/tasks.o
 .ARM.attributes
                0x000000000000051f       0x34 ./common/ThirdParty/FreeRTOS/timers.o
 .ARM.attributes
                0x0000000000000553       0x34 ./common/ThirdParty/FreeRTOS/portable/GCC/ARM_CM4F/port.o
 .ARM.attributes
                0x0000000000000587       0x34 ./common/ThirdParty/FreeRTOS/portable/MemMang/heap_4.o
 .ARM.attributes
                0x00000000000005bb       0x34 /home/harini/st/stm32cubeide_1.11.0/plugins/com.st.stm32cube.ide.mcu.externaltools.gnu-tools-for-stm32.10.3-2021.10.linux64_1.0.100.202210260954/tools/bin/../lib/gcc/arm-none-eabi/10.3.1/../../../../arm-none-eabi/lib/thumb/v7e-m+fp/hard/libc_nano.a(lib_a-errno.o)
 .ARM.attributes
                0x00000000000005ef       0x34 /home/harini/st/stm32cubeide_1.11.0/plugins/com.st.stm32cube.ide.mcu.externaltools.gnu-tools-for-stm32.10.3-2021.10.linux64_1.0.100.202210260954/tools/bin/../lib/gcc/arm-none-eabi/10.3.1/../../../../arm-none-eabi/lib/thumb/v7e-m+fp/hard/libc_nano.a(lib_a-impure.o)
 .ARM.attributes
                0x0000000000000623       0x34 /home/harini/st/stm32cubeide_1.11.0/plugins/com.st.stm32cube.ide.mcu.externaltools.gnu-tools-for-stm32.10.3-2021.10.linux64_1.0.100.202210260954/tools/bin/../lib/gcc/arm-none-eabi/10.3.1/../../../../arm-none-eabi/lib/thumb/v7e-m+fp/hard/libc_nano.a(lib_a-init.o)
 .ARM.attributes