12:06:16 **** Incremental Build of configuration Debug for project 007Task_Priority ****
make -j4 all 
arm-none-eabi-gcc "/home/harini/Desktop/Github-Local/FreeRTOS-STM32Fx/RTOS_workspace/common/ThirdParty/SEGGER/OS/SEGGER_SYSVIEW_FreeRTOS.c" -mcpu=cortex-m4 -std=gnu11 -g3 -DDEBUG -DUSE_HAL_DRIVER -DSTM32F407xx -c -I../Core/Inc -I../Drivers/STM32F4xx_HAL_Driver/Inc -I../Drivers/STM32F4xx_HAL_Driver/Inc/Legacy -I../Drivers/CMSIS/Device/ST/STM32F4xx/Include -I../Drivers/CMSIS/Include -I/home/harini/Desktop/Github-Local/FreeRTOS-STM32Fx/RTOS_workspace/common/ThirdParty/FreeRTOS/include -I/home/harini/Desktop/Github-Local/FreeRTOS-STM32Fx/RTOS_workspace/common/ThirdParty/FreeRTOS/portable/GCC/ARM_CM4F -I/home/harini/Desktop/Github-Local/FreeRTOS-STM32Fx/RTOS_workspace/common/ThirdParty/SEGGER/Config -I/home/harini/Desktop/Github-Local/FreeRTOS-STM32Fx/RTOS_workspace/common/ThirdParty/SEGGER/OS -I/home/harini/Desktop/Github-Local/FreeRTOS-STM32Fx/RTOS_workspace/common/ThirdParty/SEGGER/SEGGER -O0 -ffunction-sections -fdata-sections -Wall -fstack-usage -MMD -MP -MF"common/ThirdParty/SEGGER/OS/SEGGER_SYSVIEW_FreeRTOS.d" -MT"common/ThirdParty/SEGGER/OS/SEGGER_SYSVIEW_FreeRTOS.o" --specs=nano.specs -mfpu=fpv4-sp-d16 -mfloat-abi=hard -mthumb -o "common/ThirdParty/SEGGER/OS/SEGGER_SYSVIEW_FreeRTOS.o"
arm-none-eabi-gcc "/home/harini/Desktop/Github-Local/FreeRTOS-STM32Fx/RTOS_workspace/common/ThirdParty/SEGGER/Config/SEGGER_SYSVIEW_Config_FreeRTOS.c" -mcpu=cortex-m4 -std=gnu11 -g3 -DDEBUG -DUSE_HAL_DRIVER -DSTM32F407xx -c -I../Core/Inc -I../Drivers/STM32F4xx_HAL_Driver/Inc -I../Drivers/STM32F4xx_HAL_Driver/Inc/Legacy -I../Drivers/CMSIS/Device/ST/STM32F4xx/Include -I../Drivers/CMSIS/Include -I/home/harini/Desktop/Github-Local/FreeRTOS-STM32Fx/RTOS_workspace/common/ThirdParty/FreeRTOS/include -I/home/harini/Desktop/Github-Local/FreeRTOS-STM32Fx/RTOS_workspace/common/ThirdParty/FreeRTOS/portable/GCC/ARM_CM4F -I/home/harini/Desktop/Github-Local/FreeRTOS-STM32Fx/RTOS_workspace/common/ThirdParty/SEGGER/Config -I/home/harini/Desktop/Github-Local/FreeRTOS-STM32Fx/RTOS_workspace/common/ThirdParty/SEGGER/OS -I/home/harini/Desktop/Github-Local/FreeRTOS-STM32Fx/RTOS_workspace/common/ThirdParty/SEGGER/SEGGER -O0 -ffunction-sections -fdata-sections -Wall -fstack-usage -MMD -MP -MF"common/ThirdParty/SEGGER/Config/SEGGER_SYSVIEW_Config_FreeRTOS.d" -MT"common/ThirdParty/SEGGER/Config/SEGGER_SYSVIEW_Config_FreeRTOS.o" --specs=nano.specs -mfpu=fpv4-sp-d16 -mfloat-abi=hard -mthumb -o "common/ThirdParty/SEGGER/Config/SEGGER_SYSVIEW_Config_FreeRTOS.o"
arm-none-eabi-gcc "/home/harini/Desktop/Github-Local/FreeRTOS-STM32Fx/RTOS_workspace/common/ThirdParty/FreeRTOS/portable/MemMang/heap_4.c" -mcpu=cortex-m4 -std=gnu11 -g3 -DDEBUG -DUSE_HAL_DRIVER -DSTM32F407xx -c -I../Core/Inc -I../Drivers/STM32F4xx_HAL_Driver/Inc -I../Drivers/STM32F4xx_HAL_Driver/Inc/Legacy -I../Drivers/CMSIS/Device/ST/STM32F4xx/Include -I../Drivers/CMSIS/Include -I/home/harini/Desktop/Github-Local/FreeRTOS-STM32Fx/RTOS_workspace/common/ThirdParty/FreeRTOS/include -I/home/harini/Desktop/Github-Local/FreeRTOS-STM32Fx/RTOS_workspace/common/ThirdParty/FreeRTOS/portable/GCC/ARM_CM4F -I/home/harini/Desktop/Github-Local/FreeRTOS-STM32Fx/RTOS_workspace/common/ThirdParty/SEGGER/Config -I/home/harini/Desktop/Github-Local/FreeRTOS-STM32Fx/RTOS_workspace/common/ThirdParty/SEGGER/OS -I/home/harini/Desktop/Github-Local/FreeRTOS-STM32Fx/RTOS_workspace/common/ThirdParty/SEGGER/SEGGER -O0 -ffunction-sections -fdata-sections -Wall -fstack-usage -MMD -MP -MF"common/ThirdParty/FreeRTOS/portable/MemMang/heap_4.d" -MT"common/ThirdParty/FreeRTOS/portable/MemMang/heap_4.o" --specs=nano.specs -mfpu=fpv4-sp-d16 -mfloat-abi=hard -mthumb -o "common/ThirdParty/FreeRTOS/portable/MemMang/heap_4.o"
arm-none-eabi-gcc "/home/harini/Desktop/Github-Local/FreeRTOS-STM32Fx/RTOS_workspace/common/ThirdParty/FreeRTOS/portable/GCC/ARM_CM4F/port.c" -mcpu=cortex-m4 -std=gnu11 -g3 -DDEBUG -DUSE_HAL_DRIVER -DSTM32F407xx -c -I../Core/Inc -I../Drivers/STM32F4xx_HAL_Driver/Inc -I../Drivers/STM32F4xx_HAL_Driver/Inc/Legacy -I../Drivers/CMSIS/Device/ST/STM32F4xx/Include -I../Drivers/CMSIS/Include -I/home/harini/Desktop/Github-Local/FreeRTOS-STM32Fx/RTOS_workspace/common/ThirdParty/FreeRTOS/include -I/home/harini/Desktop/Github-Local/FreeRTOS-STM32Fx/RTOS_workspace/common/ThirdParty/FreeRTOS/portable/GCC/ARM_CM4F -I/home/harini/Desktop/Github-Local/FreeRTOS-STM32Fx/RTOS_workspace/common/ThirdParty/SEGGER/Config -I/home/harini/Desktop/Github-Local/FreeRTOS-STM32Fx/RTOS_workspace/common/ThirdParty/SEGGER/OS -I/home/harini/Desktop/Github-Local/FreeRTOS-STM32Fx/RTOS_workspace/common/ThirdParty/SEGGER/SEGGER -O0 -ffunction-sections -fdata-sections -Wall -fstack-usage -MMD -MP -MF"common/ThirdParty/FreeRTOS/portable/GCC/ARM_CM4F/port.d" -MT"common/ThirdParty/FreeRTOS/portable/GCC/ARM_CM4F/port.o" --specs=nano.specs -mfpu=fpv4-sp-d16 -mfloat-abi=hard -mthumb -o "common/ThirdParty/FreeRTOS/portable/GCC/ARM_CM4F/port.o"
arm-none-eabi-gcc "/home/harini/Desktop/Github-Local/FreeRTOS-STM32Fx/RTOS_workspace/common/ThirdParty/FreeRTOS/croutine.c" -mcpu=cortex-m4 -std=gnu11 -g3 -DDEBUG -DUSE_HAL_DRIVER -DSTM32F407xx -c -I../Core/Inc -I../Drivers/STM32F4xx_HAL_Driver/Inc -I../Drivers/STM32F4xx_HAL_Driver/Inc/Legacy -I../Drivers/CMSIS/Device/ST/STM32F4xx/Include -I../Drivers/CMSIS/Include -I/home/harini/Desktop/Github-Local/FreeRTOS-STM32Fx/RTOS_workspace/common/ThirdParty/FreeRTOS/include -I/home/harini/Desktop/Github-Local/FreeRTOS-STM32Fx/RTOS_workspace/common/ThirdParty/FreeRTOS/portable/GCC/ARM_CM4F -I/home/harini/Desktop/Github-Local/FreeRTOS-STM32Fx/RTOS_workspace/common/ThirdParty/SEGGER/Config -I/home/harini/Desktop/Github-Local/FreeRTOS-STM32Fx/RTOS_workspace/common/ThirdParty/SEGGER/OS -I/home/harini/Desktop/Github-Local/FreeRTOS-STM32Fx/RTOS_workspace/common/ThirdParty/SEGGER/SEGGER -O0 -ffunction-sections -fdata-sections -Wall -fstack-usage -MMD -MP -MF"common/ThirdParty/FreeRTOS/croutine.d" -MT"common/ThirdParty/FreeRTOS/croutine.o" --specs=nano.specs -mfpu=fpv4-sp-d16 -mfloat-abi=hard -mthumb -o "common/ThirdParty/FreeRTOS/croutine.o"
arm-none-eabi-gcc "/home/harini/Desktop/Github-Local/FreeRTOS-STM32Fx/RTOS_workspace/common/ThirdParty/FreeRTOS/event_groups.c" -mcpu=cortex-m4 -std=gnu11 -g3 -DDEBUG -DUSE_HAL_DRIVER -DSTM32F407xx -c -I../Core/Inc -I../Drivers/STM32F4xx_HAL_Driver/Inc -I../Drivers/STM32F4xx_HAL_Driver/Inc/Legacy -I../Drivers/CMSIS/Device/ST/STM32F4xx/Include -I../Drivers/CMSIS/Include -I/home/harini/Desktop/Github-Local/FreeRTOS-STM32Fx/RTOS_workspace/common/ThirdParty/FreeRTOS/include -I/home/harini/Desktop/Github-Local/FreeRTOS-STM32Fx/RTOS_workspace/common/ThirdParty/FreeRTOS/portable/GCC/ARM_CM4F -I/home/harini/Desktop/Github-Local/FreeRTOS-STM32Fx/RTOS_workspace/common/ThirdParty/SEGGER/Config -I/home/harini/Desktop/Github-Local/FreeRTOS-STM32Fx/RTOS_workspace/common/ThirdParty/SEGGER/OS -I/home/harini/Desktop/Github-Local/FreeRTOS-STM32Fx/RTOS_workspace/common/ThirdParty/SEGGER/SEGGER -O0 -ffunction-sections -fdata-sections -Wall -fstack-usage -MMD -MP -MF"common/ThirdParty/FreeRTOS/event_groups.d" -MT"common/ThirdParty/FreeRTOS/event_groups.o" --specs=nano.specs -mfpu=fpv4-sp-d16 -mfloat-abi=hard -mthumb -o "common/ThirdParty/FreeRTOS/event_groups.o"
arm-none-eabi-gcc "/home/harini/Desktop/Github-Local/FreeRTOS-STM32Fx/RTOS_workspace/common/ThirdParty/FreeRTOS/list.c" -mcpu=cortex-m4 -std=gnu11 -g3 -DDEBUG -DUSE_HAL_DRIVER -DSTM32F407xx -c -I../Core/Inc -I../Drivers/STM32F4xx_HAL_Driver/Inc -I../Drivers/STM32F4xx_HAL_Driver/Inc/Legacy -I../Drivers/CMSIS/Device/ST/STM32F4xx/Include -I../Drivers/CMSIS/Include -I/home/harini/Desktop/Github-Local/FreeRTOS-STM32Fx/RTOS_workspace/common/ThirdParty/FreeRTOS/include -I/home/harini/Desktop/Github-Local/FreeRTOS-STM32Fx/RTOS_workspace/common/ThirdParty/FreeRTOS/portable/GCC/ARM_CM4F -I/home/harini/Desktop/Github-Local/FreeRTOS-STM32Fx/RTOS_workspace/common/ThirdParty/SEGGER/Config -I/home/harini/Desktop/Github-Local/FreeRTOS-STM32Fx/RTOS_workspace/common/ThirdParty/SEGGER/OS -I/home/harini/Desktop/Github-Local/FreeRTOS-STM32Fx/RTOS_workspace/common/ThirdParty/SEGGER/SEGGER -O0 -ffunction-sections -fdata-sections -Wall -fstack-usage -MMD -MP -MF"common/ThirdParty/FreeRTOS/list.d" -MT"common/ThirdParty/FreeRTOS/list.o" --specs=nano.specs -mfpu=fpv4-sp-d16 -mfloat-abi=hard -mthumb -o "common/ThirdParty/FreeRTOS/list.o"
arm-none-eabi-gcc "/home/harini/Desktop/Github-Local/FreeRTOS-STM32Fx/RTOS_workspace/common/ThirdParty/FreeRTOS/queue.c" -mcpu=cortex-m4 -std=gnu11 -g3 -DDEBUG -DUSE_HAL_DRIVER -DSTM32F407xx -c -I../Core/Inc -I../Drivers/STM32F4xx_HAL_Driver/Inc -I../Drivers/STM32F4xx_HAL_Driver/Inc/Legacy -I../Drivers/CMSIS/Device/ST/STM32F4xx/Include -I../Drivers/CMSIS/Include -I/home/harini/Desktop/Github-Local/FreeRTOS-STM32Fx/RTOS_workspace/common/ThirdParty/FreeRTOS/include -I/home/harini/Desktop/Github-Local/FreeRTOS-STM32Fx/RTOS_workspace/common/ThirdParty/FreeRTOS/portable/GCC/ARM_CM4F -I/home/harini/Desktop/Github-Local/FreeRTOS-STM32Fx/RTOS_workspace/common/ThirdParty/SEGGER/Config -I/home/harini/Desktop/Github-Local/FreeRTOS-STM32Fx/RTOS_workspace/common/ThirdParty/SEGGER/OS -I/home/harini/Desktop/Github-Local/FreeRTOS-STM32Fx/RTOS_workspace/common/ThirdParty/SEGGER/SEGGER -O0 -ffunction-sections -fdata-sections -Wall -fstack-usage -MMD -MP -MF"common/ThirdParty/FreeRTOS/queue.d" -MT"common/ThirdParty/FreeRTOS/queue.o" --specs=nano.specs -mfpu=fpv4-sp-d16 -mfloat-abi=hard -mthumb -o "common/ThirdParty/FreeRTOS/queue.o"
arm-none-eabi-gcc "/home/harini/Desktop/Github-Local/FreeRTOS-STM32Fx/RTOS_workspace/common/ThirdParty/FreeRTOS/stream_buffer.c" -mcpu=cortex-m4 -std=gnu11 -g3 -DDEBUG -DUSE_HAL_DRIVER -DSTM32F407xx -c -I../Core/Inc -I../Drivers/STM32F4xx_HAL_Driver/Inc -I../Drivers/STM32F4xx_HAL_Driver/Inc/Legacy -I../Drivers/CMSIS/Device/ST/STM32F4xx/Include -I../Drivers/CMSIS/Include -I/home/harini/Desktop/Github-Local/FreeRTOS-STM32Fx/RTOS_workspace/common/ThirdParty/FreeRTOS/include -I/home/harini/Desktop/Github-Local/FreeRTOS-STM32Fx/RTOS_workspace/common/ThirdParty/FreeRTOS/portable/GCC/ARM_CM4F -I/home/harini/Desktop/Github-Local/FreeRTOS-STM32Fx/RTOS_workspace/common/ThirdParty/SEGGER/Config -I/home/harini/Desktop/Github-Local/FreeRTOS-STM32Fx/RTOS_workspace/common/ThirdParty/SEGGER/OS -I/home/harini/Desktop/Github-Local/FreeRTOS-STM32Fx/RTOS_workspace/common/ThirdParty/SEGGER/SEGGER -O0 -ffunction-sections -fdata-sections -Wall -fstack-usage -MMD -MP -MF"common/ThirdParty/FreeRTOS/stream_buffer.d" -MT"common/ThirdParty/FreeRTOS/stream_buffer.o" --specs=nano.specs -mfpu=fpv4-sp-d16 -mfloat-abi=hard -mthumb -o "common/ThirdParty/FreeRTOS/stream_buffer.o"
arm-none-eabi-gcc "/home/harini/Desktop/Github-Local/FreeRTOS-STM32Fx/RTOS_workspace/common/ThirdParty/FreeRTOS/tasks.c" -mcpu=cortex-m4 -std=gnu11 -g3 -DDEBUG -DUSE_HAL_DRIVER -DSTM32F407xx -c -I../Core/Inc -I../Drivers/STM32F4xx_HAL_Driver/Inc -I../Drivers/STM32F4xx_HAL_Driver/Inc/Legacy -I../Drivers/CMSIS/Device/ST/STM32F4xx/Include -I../Drivers/CMSIS/Include -I/home/harini/Desktop/Github-Local/FreeRTOS-STM32Fx/RTOS_workspace/common/ThirdParty/FreeRTOS/include -I/home/harini/Desktop/Github-Local/FreeRTOS-STM32Fx/RTOS_workspace/common/ThirdParty/FreeRTOS/portable/GCC/ARM_CM4F -I/home/harini/Desktop/Github-Local/FreeRTOS-STM32Fx/RTOS_workspace/common/ThirdParty/SEGGER/Config -I/home/harini/Desktop/Github-Local/FreeRTOS-STM32Fx/RTOS_workspace/common/ThirdParty/SEGGER/OS -I/home/harini/Desktop/Github-Local/FreeRTOS-STM32Fx/RTOS_workspace/common/ThirdParty/SEGGER/SEGGER -O0 -ffunction-sections -fdata-sections -Wall -fstack-usage -MMD -MP -MF"common/ThirdParty/FreeRTOS/tasks.d" -MT"common/ThirdParty/FreeRTOS/tasks.o" --specs=nano.specs -mfpu=fpv4-sp-d16 -mfloat-abi=hard -mthumb -o "common/ThirdParty/FreeRTOS/tasks.o"
arm-none-eabi-gcc "/home/harini/Desktop/Github-Local/FreeRTOS-STM32Fx/RTOS_workspace/common/ThirdParty/FreeRTOS/timers.c" -mcpu=cortex-m4 -std=gnu11 -g3 -DDEBUG -DUSE_HAL_DRIVER -DSTM32F407xx -c -I../Core/Inc -I../Drivers/STM32F4xx_HAL_Driver/Inc -I../Drivers/STM32F4xx_HAL_Driver/Inc/Legacy -I../Drivers/CMSIS/Device/ST/STM32F4xx/Include -I../Drivers/CMSIS/Include -I/home/harini/Desktop/Github-Local/FreeRTOS-STM32Fx/RTOS_workspace/common/ThirdParty/FreeRTOS/include -I/home/harini/Desktop/Github-Local/FreeRTOS-STM32Fx/RTOS_workspace/common/ThirdParty/FreeRTOS/portable/GCC/ARM_CM4F -I/home/harini/Desktop/Github-Local/FreeRTOS-STM32Fx/RTOS_workspace/common/ThirdParty/SEGGER/Config -I/home/harini/Desktop/Github-Local/FreeRTOS-STM32Fx/RTOS_workspace/common/ThirdParty/SEGGER/OS -I/home/harini/Desktop/Github-Local/FreeRTOS-STM32Fx/RTOS_workspace/common/ThirdParty/SEGGER/SEGGER -O0 -ffunction-sections -fdata-sections -Wall -fstack-usage -MMD -MP -MF"common/ThirdParty/FreeRTOS/timers.d" -MT"common/ThirdParty/FreeRTOS/timers.o" --specs=nano.specs -mfpu=fpv4-sp-d16 -mfloat-abi=hard -mthumb -o "common/ThirdParty/FreeRTOS/timers.o"
arm-none-eabi-gcc "../Core/Src/main.c" -mcpu=cortex-m4 -std=gnu11 -g3 -DDEBUG -DUSE_HAL_DRIVER -DSTM32F407xx -c -I../Core/Inc -I../Drivers/STM32F4xx_HAL_Driver/Inc -I../Drivers/STM32F4xx_HAL_Driver/Inc/Legacy -I../Drivers/CMSIS/Device/ST/STM32F4xx/Include -I../Drivers/CMSIS/Include -I/home/harini/Desktop/Github-Local/FreeRTOS-STM32Fx/RTOS_workspace/common/ThirdParty/FreeRTOS/include -I/home/harini/Desktop/Github-Local/FreeRTOS-STM32Fx/RTOS_workspace/common/ThirdParty/FreeRTOS/portable/GCC/ARM_CM4F -I/home/harini/Desktop/Github-Local/FreeRTOS-STM32Fx/RTOS_workspace/common/ThirdParty/SEGGER/Config -I/home/harini/Desktop/Github-Local/FreeRTOS-STM32Fx/RTOS_workspace/common/ThirdParty/SEGGER/OS -I/home/harini/Desktop/Github-Local/FreeRTOS-STM32Fx/RTOS_workspace/common/ThirdParty/SEGGER/SEGGER -O0 -ffunction-sections -fdata-sections -Wall -fstack-usage -MMD -MP -MF"Core/Src/main.d" -MT"Core/Src/main.o" --specs=nano.specs -mfpu=fpv4-sp-d16 -mfloat-abi=hard -mthumb -o "Core/Src/main.o"
arm-none-eabi-gcc "../Core/Src/stm32f4xx_hal_msp.c" -mcpu=cortex-m4 -std=gnu11 -g3 -DDEBUG -DUSE_HAL_DRIVER -DSTM32F407xx -c -I../Core/Inc -I../Drivers/STM32F4xx_HAL_Driver/Inc -I../Drivers/STM32F4xx_HAL_Driver/Inc/Legacy -I../Drivers/CMSIS/Device/ST/STM32F4xx/Include -I../Drivers/CMSIS/Include -I/home/harini/Desktop/Github-Local/FreeRTOS-STM32Fx/RTOS_workspace/common/ThirdParty/FreeRTOS/include -I/home/harini/Desktop/Github-Local/FreeRTOS-STM32Fx/RTOS_workspace/common/ThirdParty/FreeRTOS/portable/GCC/ARM_CM4F -I/home/harini/Desktop/Github-Local/FreeRTOS-STM32Fx/RTOS_workspace/common/ThirdParty/SEGGER/Config -I/home/harini/Desktop/Github-Local/FreeRTOS-STM32Fx/RTOS_workspace/common/ThirdParty/SEGGER/OS -I/home/harini/Desktop/Github-Local/FreeRTOS-STM32Fx/RTOS_workspace/common/ThirdParty/SEGGER/SEGGER -O0 -ffunction-sections -fdata-sections -Wall -fstack-usage -MMD -MP -MF"Core/Src/stm32f4xx_hal_msp.d" -MT"Core/Src/stm32f4xx_hal_msp.o" --specs=nano.specs -mfpu=fpv4-sp-d16 -mfloat-abi=hard -mthumb -o "Core/Src/stm32f4xx_hal_msp.o"
arm-none-eabi-gcc -o "007Task_Priority.elf" @"objects.list"   -mcpu=cortex-m4 -T"/home/harini/Desktop/Github-Local/FreeRTOS-STM32Fx/RTOS_workspace/007Task_Priority/STM32F407VGTX_FLASH.ld" --specs=nosys.specs -Wl,-Map="007Task_Priority.map" -Wl,--gc-sections -static --specs=nano.specs -mfpu=fpv4-sp-d16 -mfloat-abi=hard -mthumb -Wl,--start-group -lc -lm -Wl,--end-group
Finished building target: 007Task_Priority.elf
 
arm-none-eabi-size   007Task_Priority.elf 
arm-none-eabi-objdump -h -S  007Task_Priority.elf  > "007Task_Priority.list"
   text	   data	    bss	    dec	    hex	filename
  28464	     36	  84628	 113128	  1b9e8	007Task_Priority.elf
Finished building: default.size.stdout
 
Finished building: 007Task_Priority.list
 
12:06:31 **** Incremental Build of configuration Debug for project 007Task_Priority ****
make -j4 all 
arm-none-eabi-size   007Task_Priority.elf 
   text	   data	    bss	    dec	    hex	filename
  28464	     36	  84628	 113128	  1b9e8	007Task_Priority.elf
Finished building: default.size.stdout
 
